Archive member included to satisfy reference by file (symbol)

c:/progra~2/gnuarm~1/102020~1/bin/../lib/gcc/arm-none-eabi/10.2.1/thumb/v6-m/nofp\libgcc.a(_dvmd_tls.o)
                              CMakeFiles/example.dir/D_/Pico_Downloads/pico-sdk/src/rp2_common/pico_divider/divider.S.obj (__aeabi_idiv0)
c:/progra~2/gnuarm~1/102020~1/bin/../lib/gcc/arm-none-eabi/10.2.1/../../../../arm-none-eabi/lib/thumb/v6-m/nofp\libg.a(lib_a-calloc.o)
                              CMakeFiles/example.dir/D_/Pico_Downloads/pico-sdk/src/rp2_common/pico_malloc/pico_malloc.c.obj (calloc)
c:/progra~2/gnuarm~1/102020~1/bin/../lib/gcc/arm-none-eabi/10.2.1/../../../../arm-none-eabi/lib/thumb/v6-m/nofp\libg.a(lib_a-callocr.o)
                              c:/progra~2/gnuarm~1/102020~1/bin/../lib/gcc/arm-none-eabi/10.2.1/../../../../arm-none-eabi/lib/thumb/v6-m/nofp\libg.a(lib_a-calloc.o) (_calloc_r)
c:/progra~2/gnuarm~1/102020~1/bin/../lib/gcc/arm-none-eabi/10.2.1/../../../../arm-none-eabi/lib/thumb/v6-m/nofp\libg.a(lib_a-impure.o)
                              c:/progra~2/gnuarm~1/102020~1/bin/../lib/gcc/arm-none-eabi/10.2.1/../../../../arm-none-eabi/lib/thumb/v6-m/nofp\libg.a(lib_a-calloc.o) (_impure_ptr)
c:/progra~2/gnuarm~1/102020~1/bin/../lib/gcc/arm-none-eabi/10.2.1/../../../../arm-none-eabi/lib/thumb/v6-m/nofp\libg.a(lib_a-init.o)
                              c:/progra~2/gnuarm~1/102020~1/bin/../lib/gcc/arm-none-eabi/10.2.1/../../../../arm-none-eabi/lib/thumb/v6-m/nofp/crt0.o (__libc_init_array)
c:/progra~2/gnuarm~1/102020~1/bin/../lib/gcc/arm-none-eabi/10.2.1/../../../../arm-none-eabi/lib/thumb/v6-m/nofp\libg.a(lib_a-malloc.o)
                              CMakeFiles/example.dir/D_/Pico_Downloads/pico-sdk/src/rp2_common/pico_malloc/pico_malloc.c.obj (malloc)
c:/progra~2/gnuarm~1/102020~1/bin/../lib/gcc/arm-none-eabi/10.2.1/../../../../arm-none-eabi/lib/thumb/v6-m/nofp\libg.a(lib_a-mallocr.o)
                              c:/progra~2/gnuarm~1/102020~1/bin/../lib/gcc/arm-none-eabi/10.2.1/../../../../arm-none-eabi/lib/thumb/v6-m/nofp\libg.a(lib_a-callocr.o) (_malloc_r)
c:/progra~2/gnuarm~1/102020~1/bin/../lib/gcc/arm-none-eabi/10.2.1/../../../../arm-none-eabi/lib/thumb/v6-m/nofp\libg.a(lib_a-mlock.o)
                              c:/progra~2/gnuarm~1/102020~1/bin/../lib/gcc/arm-none-eabi/10.2.1/../../../../arm-none-eabi/lib/thumb/v6-m/nofp\libg.a(lib_a-mallocr.o) (__malloc_lock)
c:/progra~2/gnuarm~1/102020~1/bin/../lib/gcc/arm-none-eabi/10.2.1/../../../../arm-none-eabi/lib/thumb/v6-m/nofp\libg.a(lib_a-sbrkr.o)
                              c:/progra~2/gnuarm~1/102020~1/bin/../lib/gcc/arm-none-eabi/10.2.1/../../../../arm-none-eabi/lib/thumb/v6-m/nofp\libg.a(lib_a-mallocr.o) (_sbrk_r)
c:/progra~2/gnuarm~1/102020~1/bin/../lib/gcc/arm-none-eabi/10.2.1/../../../../arm-none-eabi/lib/thumb/v6-m/nofp\libg.a(lib_a-strlen-stub.o)
                              CMakeFiles/example.dir/D_/Pico_Downloads/pico-sdk/src/rp2_common/pico_stdio/stdio.c.obj (strlen)
c:/progra~2/gnuarm~1/102020~1/bin/../lib/gcc/arm-none-eabi/10.2.1/../../../../arm-none-eabi/lib/thumb/v6-m/nofp\libg.a(lib_a-freer.o)
                              c:/progra~2/gnuarm~1/102020~1/bin/../lib/gcc/arm-none-eabi/10.2.1/../../../../arm-none-eabi/lib/thumb/v6-m/nofp\libg.a(lib_a-malloc.o) (_free_r)
c:/progra~2/gnuarm~1/102020~1/bin/../lib/gcc/arm-none-eabi/10.2.1/../../../../arm-none-eabi/lib/thumb/v6-m/nofp\libg.a(lib_a-lock.o)
                              c:/progra~2/gnuarm~1/102020~1/bin/../lib/gcc/arm-none-eabi/10.2.1/../../../../arm-none-eabi/lib/thumb/v6-m/nofp\libg.a(lib_a-mlock.o) (__retarget_lock_acquire_recursive)
c:/progra~2/gnuarm~1/102020~1/bin/../lib/gcc/arm-none-eabi/10.2.1/../../../../arm-none-eabi/lib/thumb/v6-m/nofp\libg.a(lib_a-reent.o)
                              c:/progra~2/gnuarm~1/102020~1/bin/../lib/gcc/arm-none-eabi/10.2.1/../../../../arm-none-eabi/lib/thumb/v6-m/nofp\libg.a(lib_a-sbrkr.o) (errno)

Discarded input sections

 .text          0x00000000        0x0 c:/progra~2/gnuarm~1/102020~1/bin/../lib/gcc/arm-none-eabi/10.2.1/thumb/v6-m/nofp/crti.o
 .data          0x00000000        0x0 c:/progra~2/gnuarm~1/102020~1/bin/../lib/gcc/arm-none-eabi/10.2.1/thumb/v6-m/nofp/crti.o
 .bss           0x00000000        0x0 c:/progra~2/gnuarm~1/102020~1/bin/../lib/gcc/arm-none-eabi/10.2.1/thumb/v6-m/nofp/crti.o
 .data          0x00000000        0x4 c:/progra~2/gnuarm~1/102020~1/bin/../lib/gcc/arm-none-eabi/10.2.1/thumb/v6-m/nofp/crtbegin.o
 .rodata        0x00000000       0x24 c:/progra~2/gnuarm~1/102020~1/bin/../lib/gcc/arm-none-eabi/10.2.1/thumb/v6-m/nofp/crtbegin.o
 .fini_array    0x00000000        0x4 c:/progra~2/gnuarm~1/102020~1/bin/../lib/gcc/arm-none-eabi/10.2.1/thumb/v6-m/nofp/crtbegin.o
 .text          0x00000000       0x80 c:/progra~2/gnuarm~1/102020~1/bin/../lib/gcc/arm-none-eabi/10.2.1/../../../../arm-none-eabi/lib/thumb/v6-m/nofp/crt0.o
[...]
Memory Configuration

Name             Origin             Length             Attributes
FLASH            0x10000000         0x00200000         xr
RAM              0x20000000         0x00040000         xrw
SCRATCH_X        0x20040000         0x00001000         xrw
SCRATCH_Y        0x20041000         0x00001000         xrw
*default*        0x00000000         0xffffffff

Linker script and memory map

LOAD c:/progra~2/gnuarm~1/102020~1/bin/../lib/gcc/arm-none-eabi/10.2.1/thumb/v6-m/nofp/crti.o
LOAD c:/progra~2/gnuarm~1/102020~1/bin/../lib/gcc/arm-none-eabi/10.2.1/thumb/v6-m/nofp/crtbegin.o
LOAD c:/progra~2/gnuarm~1/102020~1/bin/../lib/gcc/arm-none-eabi/10.2.1/../../../../arm-none-eabi/lib/thumb/v6-m/nofp/crt0.o

.flash_begin    0x10000000        0x0
                0x10000000                __flash_binary_start = .

.boot2          0x10000000      0x100
                0x10000000                __boot2_start__ = .
 *(.boot2)
 .boot2         0x10000000      0x100 C:\Users\tfkbr\AppData\Local\Temp\cc6WWncB.o
                0x10000100                __boot2_end__ = .
                0x00000001                ASSERT (((__boot2_end__ - __boot2_start__) == 0x100), ERROR: Pico second stage bootloader must be 256 bytes in size)

.text           0x10000100     0x4900
                0x10000100                __logical_binary_start = .
 *(.vectors)
 .vectors       0x10000100       0xd4 CMakeFiles/example.dir/D_/Pico_Downloads/pico-sdk/src/rp2_common/pico_standard_link/crt0.S.obj
                0x10000100                __vectors
                0x100001c0                isr_invalid
                0x100001c2                isr_nmi
                0x100001c4                isr_hardfault
                0x100001c6                isr_svcall
                0x100001c8                isr_pendsv
                0x100001ca                isr_systick
                0x100001cc                isr_irq11
                0x100001cc                isr_irq5
                0x100001cc                isr_irq23
                0x100001cc                isr_irq18
                0x100001cc                isr_irq31
                0x100001cc                isr_irq28
                0x100001cc                isr_irq19
                0x100001cc                isr_irq0
                0x100001cc                isr_irq6
                0x100001cc                isr_irq27
                0x100001cc                isr_irq12
                0x100001cc                isr_irq22
                0x100001cc                isr_irq13
                0x100001cc                isr_irq17
                0x100001cc                isr_irq14
                0x100001cc                isr_irq2
                0x100001cc                isr_irq10
                0x100001cc                isr_irq8
                0x100001cc                isr_irq24
                0x100001cc                isr_irq1
                0x100001cc                isr_irq7
                0x100001cc                isr_irq21
                0x100001cc                isr_irq20
                0x100001cc                isr_irq15
                0x100001cc                isr_irq25
                0x100001cc                __unhandled_user_irq
                0x100001cc                isr_irq4
                0x100001cc                isr_irq16
                0x100001cc                isr_irq29
                0x100001cc                isr_irq26
                0x100001cc                isr_irq3
                0x100001cc                isr_irq30
                0x100001cc                isr_irq9
                0x100001d2                unhandled_user_irq_num_in_r0
 *(.binary_info_header)
 .binary_info_header
                0x100001d4       0x14 CMakeFiles/example.dir/D_/Pico_Downloads/pico-sdk/src/rp2_common/pico_standard_link/crt0.S.obj
                0x100001e8                __binary_info_header_end = .
 *(.reset)
 .reset         0x100001e8       0xa8 CMakeFiles/example.dir/D_/Pico_Downloads/pico-sdk/src/rp2_common/pico_standard_link/crt0.S.obj
                0x100001e8                _entry_point
                0x10000266                __get_current_exception
 .reset         0x10000290       0x30 CMakeFiles/example.dir/D_/Pico_Downloads/pico-sdk/src/rp2_common/pico_standard_link/binary_info.c.obj
 *(.init)
 .init          0x100002c0        0x4 c:/progra~2/gnuarm~1/102020~1/bin/../lib/gcc/arm-none-eabi/10.2.1/thumb/v6-m/nofp/crti.o
                0x100002c0                _init
 *(EXCLUDE_FILE(*libm.a: *libc.a:*lib_a-mem*.o *libgcc.a:) .text*)
 .text          0x100002c4       0x48 c:/progra~2/gnuarm~1/102020~1/bin/../lib/gcc/arm-none-eabi/10.2.1/thumb/v6-m/nofp/crtbegin.o
 .text.main     0x1000030c       0xc0 CMakeFiles/example.dir/hello.c.obj
                0x1000030c                main
 .text.gpio_set_function
                0x100003cc       0x30 CMakeFiles/example.dir/D_/Pico_Downloads/pico-sdk/src/rp2_common/hardware_gpio/gpio.c.obj
                0x100003cc                gpio_set_function
 .text.hw_claim_lock
                0x100003fc       0x18 CMakeFiles/example.dir/D_/Pico_Downloads/pico-sdk/src/rp2_common/hardware_claim/claim.c.obj
                0x100003fc                hw_claim_lock
 .text.hw_claim_unlock
                0x10000414       0x14 CMakeFiles/example.dir/D_/Pico_Downloads/pico-sdk/src/rp2_common/hardware_claim/claim.c.obj
                0x10000414                hw_claim_unlock
 .text.hw_claim_or_assert
                0x10000428       0x34 CMakeFiles/example.dir/D_/Pico_Downloads/pico-sdk/src/rp2_common/hardware_claim/claim.c.obj
                0x10000428                hw_claim_or_assert
 .text.spin_locks_reset
                0x1000045c       0x20 CMakeFiles/example.dir/D_/Pico_Downloads/pico-sdk/src/rp2_common/hardware_sync/sync.c.obj
                0x1000045c                spin_locks_reset
 .text.next_striped_spin_lock_num
                0x1000047c       0x1c CMakeFiles/example.dir/D_/Pico_Downloads/pico-sdk/src/rp2_common/hardware_sync/sync.c.obj
                0x1000047c                next_striped_spin_lock_num
 .text.running_on_fpga
                0x10000498       0x14 CMakeFiles/example.dir/D_/Pico_Downloads/pico-sdk/src/rp2_common/pico_platform/platform.c.obj
                0x10000498                running_on_fpga
 .text.uart_set_baudrate
                0x100004ac       0x64 CMakeFiles/example.dir/D_/Pico_Downloads/pico-sdk/src/rp2_common/hardware_uart/uart.c.obj
                0x100004ac                uart_set_baudrate
 .text.uart_set_translate_crlf
                0x10000510       0x28 CMakeFiles/example.dir/D_/Pico_Downloads/pico-sdk/src/rp2_common/hardware_uart/uart.c.obj
                0x10000510                uart_set_translate_crlf
 .text.uart_init
                0x10000538       0x80 CMakeFiles/example.dir/D_/Pico_Downloads/pico-sdk/src/rp2_common/hardware_uart/uart.c.obj
                0x10000538                uart_init
 .text.sev_callback
                0x100005b8        0x8 CMakeFiles/example.dir/D_/Pico_Downloads/pico-sdk/src/common/pico_time/time.c.obj
 .text.timer_pool_entry_comparator
                0x100005c0       0x7c CMakeFiles/example.dir/D_/Pico_Downloads/pico-sdk/src/common/pico_time/time.c.obj
                0x100005c0                timer_pool_entry_comparator
 .text.ph_add_child_node
                0x1000063c       0xa4 CMakeFiles/example.dir/D_/Pico_Downloads/pico-sdk/src/common/pico_time/time.c.obj
 .text.ph_merge_nodes
                0x100006e0       0x3e CMakeFiles/example.dir/D_/Pico_Downloads/pico-sdk/src/common/pico_time/time.c.obj
 *fill*         0x1000071e        0x2 
 .text.add_alarm_under_lock
                0x10000720      0x178 CMakeFiles/example.dir/D_/Pico_Downloads/pico-sdk/src/common/pico_time/time.c.obj
 .text.alarm_pool_alarm_callback
                0x10000898      0x2e4 CMakeFiles/example.dir/D_/Pico_Downloads/pico-sdk/src/common/pico_time/time.c.obj
 .text.alarm_pool_get_default
                0x10000b7c       0x28 CMakeFiles/example.dir/D_/Pico_Downloads/pico-sdk/src/common/pico_time/time.c.obj
                0x10000b7c                alarm_pool_get_default
 .text.alarm_pool_create
                0x10000ba4       0x6c CMakeFiles/example.dir/D_/Pico_Downloads/pico-sdk/src/common/pico_time/time.c.obj
                0x10000ba4                alarm_pool_create
 .text.alarm_pool_init_default
                0x10000c10       0x20 CMakeFiles/example.dir/D_/Pico_Downloads/pico-sdk/src/common/pico_time/time.c.obj
                0x10000c10                alarm_pool_init_default
 .text.alarm_pool_add_alarm_at
                0x10000c30      0x128 CMakeFiles/example.dir/D_/Pico_Downloads/pico-sdk/src/common/pico_time/time.c.obj
                0x10000c30                alarm_pool_add_alarm_at
 .text.sleep_until
                0x10000d58       0x94 CMakeFiles/example.dir/D_/Pico_Downloads/pico-sdk/src/common/pico_time/time.c.obj
                0x10000d58                sleep_until
 .text.sleep_us
                0x10000dec       0x2c CMakeFiles/example.dir/D_/Pico_Downloads/pico-sdk/src/common/pico_time/time.c.obj
                0x10000dec                sleep_us
 .text.sleep_ms
                0x10000e18       0x14 CMakeFiles/example.dir/D_/Pico_Downloads/pico-sdk/src/common/pico_time/time.c.obj
                0x10000e18                sleep_ms
 .text.hardware_alarm_irq_handler
                0x10000e2c       0x8c CMakeFiles/example.dir/D_/Pico_Downloads/pico-sdk/src/rp2_common/hardware_timer/timer.c.obj
 .text.hardware_alarm_claim
                0x10000eb8       0x18 CMakeFiles/example.dir/D_/Pico_Downloads/pico-sdk/src/rp2_common/hardware_timer/timer.c.obj
                0x10000eb8                hardware_alarm_claim
 .text.time_us_64
                0x10000ed0       0x18 CMakeFiles/example.dir/D_/Pico_Downloads/pico-sdk/src/rp2_common/hardware_timer/timer.c.obj
                0x10000ed0                time_us_64
 .text.busy_wait_until
                0x10000ee8       0x28 CMakeFiles/example.dir/D_/Pico_Downloads/pico-sdk/src/rp2_common/hardware_timer/timer.c.obj
                0x10000ee8                busy_wait_until
 .text.hardware_alarm_set_callback
                0x10000f10       0x90 CMakeFiles/example.dir/D_/Pico_Downloads/pico-sdk/src/rp2_common/hardware_timer/timer.c.obj
                0x10000f10                hardware_alarm_set_callback
 .text.hardware_alarm_set_target
                0x10000fa0       0xd0 CMakeFiles/example.dir/D_/Pico_Downloads/pico-sdk/src/rp2_common/hardware_timer/timer.c.obj
                0x10000fa0                hardware_alarm_set_target
 .text.hardware_alarm_cancel
                0x10001070       0x40 CMakeFiles/example.dir/D_/Pico_Downloads/pico-sdk/src/rp2_common/hardware_timer/timer.c.obj
                0x10001070                hardware_alarm_cancel
 .text.lock_init
                0x100010b0       0x30 CMakeFiles/example.dir/D_/Pico_Downloads/pico-sdk/src/common/pico_sync/lock_core.c.obj
                0x100010b0                lock_init
 .text.mutex_init
                0x100010e0       0x1a CMakeFiles/example.dir/D_/Pico_Downloads/pico-sdk/src/common/pico_sync/mutex.c.obj
                0x100010e0                mutex_init
 *fill*         0x100010fa        0x2 
 .text.ph_add_child_node
                0x100010fc       0xa4 CMakeFiles/example.dir/D_/Pico_Downloads/pico-sdk/src/common/pico_util/pheap.c.obj
 .text.ph_merge_nodes
                0x100011a0       0x3e CMakeFiles/example.dir/D_/Pico_Downloads/pico-sdk/src/common/pico_util/pheap.c.obj
 *fill*         0x100011de        0x2 
 .text.ph_clear
                0x100011e0       0x74 CMakeFiles/example.dir/D_/Pico_Downloads/pico-sdk/src/common/pico_util/pheap.c.obj
                0x100011e0                ph_clear
 .text.ph_create
                0x10001254       0x2c CMakeFiles/example.dir/D_/Pico_Downloads/pico-sdk/src/common/pico_util/pheap.c.obj
                0x10001254                ph_create
 .text.ph_merge_two_pass
                0x10001280       0xa8 CMakeFiles/example.dir/D_/Pico_Downloads/pico-sdk/src/common/pico_util/pheap.c.obj
                0x10001280                ph_merge_two_pass
 .text.ph_remove_any_head
                0x10001328      0x108 CMakeFiles/example.dir/D_/Pico_Downloads/pico-sdk/src/common/pico_util/pheap.c.obj
 .text.ph_remove_head_reserve
                0x10001430       0x14 CMakeFiles/example.dir/D_/Pico_Downloads/pico-sdk/src/common/pico_util/pheap.c.obj
                0x10001430                ph_remove_head_reserve
 .text.ph_delete
                0x10001444       0xf8 CMakeFiles/example.dir/D_/Pico_Downloads/pico-sdk/src/common/pico_util/pheap.c.obj
                0x10001444                ph_delete
 .text.runtime_init
                0x1000153c       0xcc CMakeFiles/example.dir/D_/Pico_Downloads/pico-sdk/src/rp2_common/pico_runtime/runtime.c.obj
                0x1000153c                runtime_init
 .text._exit    0x10001608        0x4 CMakeFiles/example.dir/D_/Pico_Downloads/pico-sdk/src/rp2_common/pico_runtime/runtime.c.obj
                0x10001608                _exit
 .text._sbrk    0x1000160c       0x38 CMakeFiles/example.dir/D_/Pico_Downloads/pico-sdk/src/rp2_common/pico_runtime/runtime.c.obj
                0x1000160c                _sbrk
 .text.exit     0x10001644        0x6 CMakeFiles/example.dir/D_/Pico_Downloads/pico-sdk/src/rp2_common/pico_runtime/runtime.c.obj
                0x10001644                exit
 *fill*         0x1000164a        0x2 
 .text.__assert_func
                0x1000164c       0x3c CMakeFiles/example.dir/D_/Pico_Downloads/pico-sdk/src/rp2_common/pico_runtime/runtime.c.obj
                0x1000164c                __assert_func
 .text.panic    0x10001688       0x30 CMakeFiles/example.dir/D_/Pico_Downloads/pico-sdk/src/rp2_common/pico_runtime/runtime.c.obj
                0x10001688                panic
 .text.clock_configure
                0x100016b8       0xe8 CMakeFiles/example.dir/D_/Pico_Downloads/pico-sdk/src/rp2_common/hardware_clocks/clocks.c.obj
                0x100016b8                clock_configure
 .text.clocks_init
                0x100017a0      0x124 CMakeFiles/example.dir/D_/Pico_Downloads/pico-sdk/src/rp2_common/hardware_clocks/clocks.c.obj
                0x100017a0                clocks_init
 .text.clock_get_hz
                0x100018c4        0xc CMakeFiles/example.dir/D_/Pico_Downloads/pico-sdk/src/rp2_common/hardware_clocks/clocks.c.obj
                0x100018c4                clock_get_hz
 .text.watchdog_start_tick
                0x100018d0       0x10 CMakeFiles/example.dir/D_/Pico_Downloads/pico-sdk/src/rp2_common/hardware_watchdog/watchdog.c.obj
                0x100018d0                watchdog_start_tick
 .text.xosc_init
                0x100018e0       0x28 CMakeFiles/example.dir/D_/Pico_Downloads/pico-sdk/src/rp2_common/hardware_xosc/xosc.c.obj
                0x100018e0                xosc_init
 .text.pll_init
                0x10001908       0xd4 CMakeFiles/example.dir/D_/Pico_Downloads/pico-sdk/src/rp2_common/hardware_pll/pll.c.obj
                0x10001908                pll_init
 .text.set_raw_irq_handler_and_unlock
                0x100019dc       0x28 CMakeFiles/example.dir/D_/Pico_Downloads/pico-sdk/src/rp2_common/hardware_irq/irq.c.obj
 .text.make_branch
                0x10001a04       0x34 CMakeFiles/example.dir/D_/Pico_Downloads/pico-sdk/src/rp2_common/hardware_irq/irq.c.obj
 .text.insert_branch_and_link
                0x10001a38       0x40 CMakeFiles/example.dir/D_/Pico_Downloads/pico-sdk/src/rp2_common/hardware_irq/irq.c.obj
 .text.irq_is_enabled
                0x10001a78       0x18 CMakeFiles/example.dir/D_/Pico_Downloads/pico-sdk/src/rp2_common/hardware_irq/irq.c.obj
                0x10001a78                irq_is_enabled
 .text.irq_set_mask_enabled
                0x10001a90       0x20 CMakeFiles/example.dir/D_/Pico_Downloads/pico-sdk/src/rp2_common/hardware_irq/irq.c.obj
                0x10001a90                irq_set_mask_enabled
 .text.irq_set_enabled
                0x10001ab0        0xe CMakeFiles/example.dir/D_/Pico_Downloads/pico-sdk/src/rp2_common/hardware_irq/irq.c.obj
                0x10001ab0                irq_set_enabled
 *fill*         0x10001abe        0x2 
 .text.irq_get_vtable_handler
                0x10001ac0       0x10 CMakeFiles/example.dir/D_/Pico_Downloads/pico-sdk/src/rp2_common/hardware_irq/irq.c.obj
                0x10001ac0                irq_get_vtable_handler
 .text.irq_set_exclusive_handler
                0x10001ad0       0x54 CMakeFiles/example.dir/D_/Pico_Downloads/pico-sdk/src/rp2_common/hardware_irq/irq.c.obj
                0x10001ad0                irq_set_exclusive_handler
 .text.irq_remove_handler
                0x10001b24      0x1b4 CMakeFiles/example.dir/D_/Pico_Downloads/pico-sdk/src/rp2_common/hardware_irq/irq.c.obj
                0x10001b24                irq_remove_handler
 .text.irq_set_priority
                0x10001cd8       0x28 CMakeFiles/example.dir/D_/Pico_Downloads/pico-sdk/src/rp2_common/hardware_irq/irq.c.obj
                0x10001cd8                irq_set_priority
 .text.irq_add_tail_to_free_list
                0x10001d00       0xf8 CMakeFiles/example.dir/D_/Pico_Downloads/pico-sdk/src/rp2_common/hardware_irq/irq.c.obj
                0x10001d00                irq_add_tail_to_free_list
 .text.irq_init_priorities
                0x10001df8       0x16 CMakeFiles/example.dir/D_/Pico_Downloads/pico-sdk/src/rp2_common/hardware_irq/irq.c.obj
                0x10001df8                irq_init_priorities
 .text._out_null
                0x10001e0e        0x2 CMakeFiles/example.dir/D_/Pico_Downloads/pico-sdk/src/rp2_common/pico_printf/printf.c.obj
 .text._out_fct
                0x10001e10        0xe CMakeFiles/example.dir/D_/Pico_Downloads/pico-sdk/src/rp2_common/pico_printf/printf.c.obj
 .text._atoi    0x10001e1e       0x24 CMakeFiles/example.dir/D_/Pico_Downloads/pico-sdk/src/rp2_common/pico_printf/printf.c.obj
 .text._out_rev
                0x10001e42       0xae CMakeFiles/example.dir/D_/Pico_Downloads/pico-sdk/src/rp2_common/pico_printf/printf.c.obj
 .text._ntoa_format
                0x10001ef0      0x112 CMakeFiles/example.dir/D_/Pico_Downloads/pico-sdk/src/rp2_common/pico_printf/printf.c.obj
 .text._ntoa_long
                0x10002002       0xbc CMakeFiles/example.dir/D_/Pico_Downloads/pico-sdk/src/rp2_common/pico_printf/printf.c.obj
 .text._ntoa_long_long
                0x100020be       0xe2 CMakeFiles/example.dir/D_/Pico_Downloads/pico-sdk/src/rp2_common/pico_printf/printf.c.obj
 .text._etoa    0x100021a0      0x404 CMakeFiles/example.dir/D_/Pico_Downloads/pico-sdk/src/rp2_common/pico_printf/printf.c.obj
 .text._ftoa    0x100025a4      0x354 CMakeFiles/example.dir/D_/Pico_Downloads/pico-sdk/src/rp2_common/pico_printf/printf.c.obj
 .text._vsnprintf
                0x100028f8      0x624 CMakeFiles/example.dir/D_/Pico_Downloads/pico-sdk/src/rp2_common/pico_printf/printf.c.obj
 .text.vfctprintf
                0x10002f1c       0x20 CMakeFiles/example.dir/D_/Pico_Downloads/pico-sdk/src/rp2_common/pico_printf/printf.c.obj
                0x10002f1c                vfctprintf
 .text          0x10002f3c       0x10 CMakeFiles/example.dir/D_/Pico_Downloads/pico-sdk/src/rp2_common/pico_bit_ops/bit_ops_aeabi.S.obj
 .text.rom_func_lookup
                0x10002f4c       0x10 CMakeFiles/example.dir/D_/Pico_Downloads/pico-sdk/src/rp2_common/pico_bootrom/bootrom.c.obj
                0x10002f4c                rom_func_lookup
 .text.rom_data_lookup
                0x10002f5c       0x10 CMakeFiles/example.dir/D_/Pico_Downloads/pico-sdk/src/rp2_common/pico_bootrom/bootrom.c.obj
                0x10002f5c                rom_data_lookup
 .text.rom_funcs_lookup
                0x10002f6c       0x36 CMakeFiles/example.dir/D_/Pico_Downloads/pico-sdk/src/rp2_common/pico_bootrom/bootrom.c.obj
                0x10002f6c                rom_funcs_lookup
 *fill*         0x10002fa2        0x2 
 .text.__wrap___aeabi_idiv
                0x10002fa4       0x58 CMakeFiles/example.dir/D_/Pico_Downloads/pico-sdk/src/rp2_common/pico_divider/divider.S.obj
                0x10002fa4                __wrap___aeabi_idivmod
                0x10002fa4                divmod_s32s32
                0x10002fa4                div_s32s32
                0x10002fa4                __wrap___aeabi_idiv
                0x10002fac                divmod_s32s32_unsafe
                0x10002fd8                divmod_s32s32_savestate
 .text.__wrap___aeabi_uidiv
                0x10002ffc       0x54 CMakeFiles/example.dir/D_/Pico_Downloads/pico-sdk/src/rp2_common/pico_divider/divider.S.obj
                0x10002ffc                __wrap___aeabi_uidiv
                0x10002ffc                __wrap___aeabi_uidivmod
                0x10002ffc                div_u32u32
                0x10002ffc                divmod_u32u32
                0x10003004                divmod_u32u32_unsafe
                0x1000302c                divmod_u32u32_savestate
 .text.__wrap___aeabi_ldiv
                0x10003050      0x430 CMakeFiles/example.dir/D_/Pico_Downloads/pico-sdk/src/rp2_common/pico_divider/divider.S.obj
                0x10003050                div_s64s64
                0x10003050                divmod_s64s64
                0x10003050                __wrap___aeabi_ldivmod
                0x10003088                divmod_u64u64
                0x10003088                div_u64u64
                0x10003088                __wrap___aeabi_uldivmod
                0x10003098                divmod_u64u64_savestate
                0x100030c0                divmod_s64s64_unsafe
                0x10003148                divmod_u64u64_unsafe
 .text.__wrap___aeabi_darithmetic
                0x10003480       0x54 CMakeFiles/example.dir/D_/Pico_Downloads/pico-sdk/src/rp2_common/pico_double/double_aeabi.S.obj
                0x10003480                __wrap___aeabi_drsub
                0x10003486                __wrap___aeabi_dsub
                0x10003498                __wrap___aeabi_dadd
                0x100034aa                __wrap___aeabi_ddiv
                0x100034bc                __wrap___aeabi_dmul
 .text.__wrap___aeabi_cdcmple
                0x100034d4       0x6c CMakeFiles/example.dir/D_/Pico_Downloads/pico-sdk/src/rp2_common/pico_double/double_aeabi.S.obj
                0x100034d4                __wrap___aeabi_cdrcmple
                0x100034e4                __wrap___aeabi_cdcmpeq
                0x100034e4                __wrap___aeabi_cdcmple
 .text.__wrap___aeabi_dcmplt
                0x10003540        0xc CMakeFiles/example.dir/D_/Pico_Downloads/pico-sdk/src/rp2_common/pico_double/double_aeabi.S.obj
                0x10003540                __wrap___aeabi_dcmplt
 .text.__wrap___aeabi_dcmple
                0x1000354c       0x10 CMakeFiles/example.dir/D_/Pico_Downloads/pico-sdk/src/rp2_common/pico_double/double_aeabi.S.obj
                0x1000354c                __wrap___aeabi_dcmple
 .text.__wrap___aeabi_dcmpge
                0x1000355c       0x10 CMakeFiles/example.dir/D_/Pico_Downloads/pico-sdk/src/rp2_common/pico_double/double_aeabi.S.obj
                0x1000355c                __wrap___aeabi_dcmpge
 .text.__wrap___aeabi_dcmpgt
                0x1000356c        0xa CMakeFiles/example.dir/D_/Pico_Downloads/pico-sdk/src/rp2_common/pico_double/double_aeabi.S.obj
                0x1000356c                __wrap___aeabi_dcmpgt
 .text.__wrap___aeabi_dcmpun
                0x10003576       0x1c CMakeFiles/example.dir/D_/Pico_Downloads/pico-sdk/src/rp2_common/pico_double/double_aeabi.S.obj
                0x10003576                __wrap___aeabi_dcmpun
 *fill*         0x10003592        0x2 
 .text.__wrap___aeabi_i2d
                0x10003594       0x38 CMakeFiles/example.dir/D_/Pico_Downloads/pico-sdk/src/rp2_common/pico_double/double_aeabi.S.obj
                0x10003594                __wrap___aeabi_ui2d
                0x1000359c                __wrap___aeabi_i2d
 .text.__wrap___aeabi_d2iz
                0x100035cc       0x48 CMakeFiles/example.dir/D_/Pico_Downloads/pico-sdk/src/rp2_common/pico_double/double_aeabi.S.obj
                0x100035cc                double2int_z
                0x100035cc                __wrap___aeabi_d2iz
 .text.__wrap___aeabi_d2uiz
                0x10003614       0x18 CMakeFiles/example.dir/D_/Pico_Downloads/pico-sdk/src/rp2_common/pico_double/double_aeabi.S.obj
                0x10003614                __wrap___aeabi_d2uiz
                0x10003614                double2uint
 .text.__aeabi_double_init
                0x1000362c       0xb8 CMakeFiles/example.dir/D_/Pico_Downloads/pico-sdk/src/rp2_common/pico_double/double_init_rom.c.obj
                0x1000362c                __aeabi_double_init
 .text.double_table_shim_on_use_helper
                0x100036e4       0x34 CMakeFiles/example.dir/D_/Pico_Downloads/pico-sdk/src/rp2_common/pico_double/double_v1_rom_shim.S.obj
                0x100036e4                double_table_shim_on_use_helper
 .text.__wrap___aeabi_dsub
                0x10003718       0x10 CMakeFiles/example.dir/D_/Pico_Downloads/pico-sdk/src/rp2_common/pico_double/double_v1_rom_shim.S.obj
                0x10003718                drsub_shim
                0x1000371e                dsub_shim
 .text.dadd_shim
                0x10003728      0x15c CMakeFiles/example.dir/D_/Pico_Downloads/pico-sdk/src/rp2_common/pico_double/double_v1_rom_shim.S.obj
                0x10003728                dadd_shim
 .text.dmul_shim
                0x10003884      0x15c CMakeFiles/example.dir/D_/Pico_Downloads/pico-sdk/src/rp2_common/pico_double/double_v1_rom_shim.S.obj
                0x10003884                dmul_shim
 .text.ddiv_shim
                0x100039e0      0x1b0 CMakeFiles/example.dir/D_/Pico_Downloads/pico-sdk/src/rp2_common/pico_double/double_v1_rom_shim.S.obj
                0x100039e0                ddiv_shim
 .text.dcordic_rot_step
                0x10003b90       0x7c CMakeFiles/example.dir/D_/Pico_Downloads/pico-sdk/src/rp2_common/pico_double/double_v1_rom_shim.S.obj
                0x10003b90                dcordic_rot_step
 .text.double2uint_shim
                0x10003c0c        0xe CMakeFiles/example.dir/D_/Pico_Downloads/pico-sdk/src/rp2_common/pico_double/double_v1_rom_shim.S.obj
                0x10003c0c                double2uint_shim
                0x10003c0e                double2ufix_shim
 *fill*         0x10003c1a        0x2 
 .text.double2uint64_shim
                0x10003c1c       0x6c CMakeFiles/example.dir/D_/Pico_Downloads/pico-sdk/src/rp2_common/pico_double/double_v1_rom_shim.S.obj
                0x10003c1c                double2uint64_shim
                0x10003c1e                double2ufix64_shim
                0x10003c38                d2fix_a
 .text.dunpacks
                0x10003c88       0x3c CMakeFiles/example.dir/D_/Pico_Downloads/pico-sdk/src/rp2_common/pico_double/double_v1_rom_shim.S.obj
                0x10003c88                dunpacks
 .text.__aeabi_lmul
                0x10003cc4       0x32 CMakeFiles/example.dir/D_/Pico_Downloads/pico-sdk/src/rp2_common/pico_int64_ops/pico_int64_ops_aeabi.S.obj
                0x10003cc4                __wrap___aeabi_lmul
 *fill*         0x10003cf6        0x2 
 .text.__aeabi_float_init
                0x10003cf8       0xfc CMakeFiles/example.dir/D_/Pico_Downloads/pico-sdk/src/rp2_common/pico_float/float_init_rom.c.obj
                0x10003cf8                __aeabi_float_init
 .text.float_table_shim_on_use_helper
                0x10003df4       0x34 CMakeFiles/example.dir/D_/Pico_Downloads/pico-sdk/src/rp2_common/pico_float/float_v1_rom_shim.S.obj
                0x10003df4                float_table_shim_on_use_helper
 .text.__wrap_malloc
                0x10003e28        0x8 CMakeFiles/example.dir/D_/Pico_Downloads/pico-sdk/src/rp2_common/pico_malloc/pico_malloc.c.obj
                0x10003e28                __wrap_malloc
 .text.__wrap_calloc
                0x10003e30        0x8 CMakeFiles/example.dir/D_/Pico_Downloads/pico-sdk/src/rp2_common/pico_malloc/pico_malloc.c.obj
                0x10003e30                __wrap_calloc
 .text          0x10003e38       0x10 CMakeFiles/example.dir/D_/Pico_Downloads/pico-sdk/src/rp2_common/pico_mem_ops/mem_ops_aeabi.S.obj
                0x10003e38                __aeabi_mem_init
 .text.memset   0x10003e48        0xc CMakeFiles/example.dir/D_/Pico_Downloads/pico-sdk/src/rp2_common/pico_mem_ops/mem_ops_aeabi.S.obj
                0x10003e48                __wrap_memset
 .text.memcpy   0x10003e54        0xc CMakeFiles/example.dir/D_/Pico_Downloads/pico-sdk/src/rp2_common/pico_mem_ops/mem_ops_aeabi.S.obj
                0x10003e54                __wrap_memcpy
                0x10003e54                __wrap___aeabi_memcpy
 .text.stdio_out_chars_crlf
                0x10003e60       0x80 CMakeFiles/example.dir/D_/Pico_Downloads/pico-sdk/src/rp2_common/pico_stdio/stdio.c.obj
 .text.stdio_stack_buffer_flush
                0x10003ee0       0x44 CMakeFiles/example.dir/D_/Pico_Downloads/pico-sdk/src/rp2_common/pico_stdio/stdio.c.obj
 .text.stdio_buffered_printer
                0x10003f24       0x20 CMakeFiles/example.dir/D_/Pico_Downloads/pico-sdk/src/rp2_common/pico_stdio/stdio.c.obj
 .text.stdout_serialize_begin
                0x10003f44       0x2c CMakeFiles/example.dir/D_/Pico_Downloads/pico-sdk/src/rp2_common/pico_stdio/stdio.c.obj
                0x10003f44                stdout_serialize_begin
 .text.stdout_serialize_end
                0x10003f70       0x10 CMakeFiles/example.dir/D_/Pico_Downloads/pico-sdk/src/rp2_common/pico_stdio/stdio.c.obj
                0x10003f70                stdout_serialize_end
 .text.stdio_put_string
                0x10003f80       0x84 CMakeFiles/example.dir/D_/Pico_Downloads/pico-sdk/src/rp2_common/pico_stdio/stdio.c.obj
 .text.stdio_flush
                0x10004004       0x20 CMakeFiles/example.dir/D_/Pico_Downloads/pico-sdk/src/rp2_common/pico_stdio/stdio.c.obj
                0x10004004                stdio_flush
 .text.__wrap_puts
                0x10004024       0x1c CMakeFiles/example.dir/D_/Pico_Downloads/pico-sdk/src/rp2_common/pico_stdio/stdio.c.obj
                0x10004024                __wrap_puts
 .text.__wrap_vprintf
                0x10004040       0x44 CMakeFiles/example.dir/D_/Pico_Downloads/pico-sdk/src/rp2_common/pico_stdio/stdio.c.obj
                0x10004040                __wrap_vprintf
 .text.__wrap_printf
                0x10004084       0x18 CMakeFiles/example.dir/D_/Pico_Downloads/pico-sdk/src/rp2_common/pico_stdio/stdio.c.obj
                0x10004084                __wrap_printf
 .text.calloc   0x1000409c       0x18 c:/progra~2/gnuarm~1/102020~1/bin/../lib/gcc/arm-none-eabi/10.2.1/../../../../arm-none-eabi/lib/thumb/v6-m/nofp\libg.a(lib_a-calloc.o)
                0x1000409c                calloc
 .text._calloc_r
                0x100040b4       0x5c c:/progra~2/gnuarm~1/102020~1/bin/../lib/gcc/arm-none-eabi/10.2.1/../../../../arm-none-eabi/lib/thumb/v6-m/nofp\libg.a(lib_a-callocr.o)
                0x100040b4                _calloc_r
 .text.malloc   0x10004110       0x14 c:/progra~2/gnuarm~1/102020~1/bin/../lib/gcc/arm-none-eabi/10.2.1/../../../../arm-none-eabi/lib/thumb/v6-m/nofp\libg.a(lib_a-malloc.o)
                0x10004110                malloc
 .text._malloc_r
                0x10004124      0x580 c:/progra~2/gnuarm~1/102020~1/bin/../lib/gcc/arm-none-eabi/10.2.1/../../../../arm-none-eabi/lib/thumb/v6-m/nofp\libg.a(lib_a-mallocr.o)
                0x10004124                _malloc_r
 .text.__malloc_lock
                0x100046a4       0x10 c:/progra~2/gnuarm~1/102020~1/bin/../lib/gcc/arm-none-eabi/10.2.1/../../../../arm-none-eabi/lib/thumb/v6-m/nofp\libg.a(lib_a-mlock.o)
                0x100046a4                __malloc_lock
 .text.__malloc_unlock
                0x100046b4       0x10 c:/progra~2/gnuarm~1/102020~1/bin/../lib/gcc/arm-none-eabi/10.2.1/../../../../arm-none-eabi/lib/thumb/v6-m/nofp\libg.a(lib_a-mlock.o)
                0x100046b4                __malloc_unlock
 .text._sbrk_r  0x100046c4       0x24 c:/progra~2/gnuarm~1/102020~1/bin/../lib/gcc/arm-none-eabi/10.2.1/../../../../arm-none-eabi/lib/thumb/v6-m/nofp\libg.a(lib_a-sbrkr.o)
                0x100046c4                _sbrk_r
 .text.strlen   0x100046e8       0x5c c:/progra~2/gnuarm~1/102020~1/bin/../lib/gcc/arm-none-eabi/10.2.1/../../../../arm-none-eabi/lib/thumb/v6-m/nofp\libg.a(lib_a-strlen-stub.o)
                0x100046e8                strlen
 .text._malloc_trim_r
                0x10004744       0x9c c:/progra~2/gnuarm~1/102020~1/bin/../lib/gcc/arm-none-eabi/10.2.1/../../../../arm-none-eabi/lib/thumb/v6-m/nofp\libg.a(lib_a-freer.o)
                0x10004744                _malloc_trim_r
 .text._free_r  0x100047e0      0x1c4 c:/progra~2/gnuarm~1/102020~1/bin/../lib/gcc/arm-none-eabi/10.2.1/../../../../arm-none-eabi/lib/thumb/v6-m/nofp\libg.a(lib_a-freer.o)
                0x100047e0                _free_r
 .text.__retarget_lock_acquire_recursive
                0x100049a4        0x4 c:/progra~2/gnuarm~1/102020~1/bin/../lib/gcc/arm-none-eabi/10.2.1/../../../../arm-none-eabi/lib/thumb/v6-m/nofp\libg.a(lib_a-lock.o)
                0x100049a4                __retarget_lock_acquire_recursive
 .text.__retarget_lock_release_recursive
                0x100049a8        0x4 c:/progra~2/gnuarm~1/102020~1/bin/../lib/gcc/arm-none-eabi/10.2.1/../../../../arm-none-eabi/lib/thumb/v6-m/nofp\libg.a(lib_a-lock.o)
                0x100049a8                __retarget_lock_release_recursive
 *(.fini)
 .fini          0x100049ac        0x4 c:/progra~2/gnuarm~1/102020~1/bin/../lib/gcc/arm-none-eabi/10.2.1/thumb/v6-m/nofp/crti.o
                0x100049ac                _fini
 .fini.__stub   0x100049b0       0x50 linker stubs
 *crtbegin.o(.ctors)
 *crtbegin?.o(.ctors)
 *(EXCLUDE_FILE(*crtend.o *crtend?.o) .ctors)
 *(SORT_BY_NAME(.ctors.*))
 *(.ctors)
 *crtbegin.o(.dtors)
 *crtbegin?.o(.dtors)
 *(EXCLUDE_FILE(*crtend.o *crtend?.o) .dtors)
 *(SORT_BY_NAME(.dtors.*))
 *(.dtors)
 *(.eh_frame*)
 .eh_frame      0x10004a00        0x0 c:/progra~2/gnuarm~1/102020~1/bin/../lib/gcc/arm-none-eabi/10.2.1/thumb/v6-m/nofp/crtbegin.o
                0x10004a00                . = ALIGN (0x4)

.glue_7         0x10004a00        0x0
 .glue_7        0x10004a00        0x0 linker stubs

.glue_7t        0x10004a00        0x0
 .glue_7t       0x10004a00        0x0 linker stubs

.vfp11_veneer   0x10004a00        0x0
 .vfp11_veneer  0x10004a00        0x0 linker stubs

.v4_bx          0x10004a00        0x0
 .v4_bx         0x10004a00        0x0 linker stubs

.iplt           0x10004a00        0x0
 .iplt          0x10004a00        0x0 c:/progra~2/gnuarm~1/102020~1/bin/../lib/gcc/arm-none-eabi/10.2.1/thumb/v6-m/nofp/crtbegin.o

.rodata         0x10004a00      0xd10
 *(EXCLUDE_FILE(*libm.a: *libc.a:*lib_a-mem*.o *libgcc.a:) .rodata*)
 .rodata.main.str1.4
                0x10004a00        0xf CMakeFiles/example.dir/hello.c.obj
 *fill*         0x10004a0f        0x1 
 .rodata.alarm_pool_dump_key.str1.4
                0x10004a10       0x6b CMakeFiles/example.dir/D_/Pico_Downloads/pico-sdk/src/common/pico_time/time.c.obj
 *fill*         0x10004a7b        0x1 
 .rodata.ph_add_child_node.str1.4
                0x10004a7c       0x8e CMakeFiles/example.dir/D_/Pico_Downloads/pico-sdk/src/common/pico_time/time.c.obj
 *fill*         0x10004b0a        0x2 
 .rodata.add_alarm_under_lock.str1.4
                0x10004b0c       0x27 CMakeFiles/example.dir/D_/Pico_Downloads/pico-sdk/src/common/pico_time/time.c.obj
 *fill*         0x10004b33        0x1 
 .rodata.alarm_pool_alarm_callback.str1.4
                0x10004b34       0x7d CMakeFiles/example.dir/D_/Pico_Downloads/pico-sdk/src/common/pico_time/time.c.obj
 *fill*         0x10004bb1        0x3 
 .rodata.alarm_pool_get_default.str1.4
                0x10004bb4       0x13 CMakeFiles/example.dir/D_/Pico_Downloads/pico-sdk/src/common/pico_time/time.c.obj
 *fill*         0x10004bc7        0x1 
 .rodata.__func__.10
                0x10004bc8       0x17 CMakeFiles/example.dir/D_/Pico_Downloads/pico-sdk/src/common/pico_time/time.c.obj
 *fill*         0x10004bdf        0x1 
 .rodata.__func__.2
                0x10004be0       0x12 CMakeFiles/example.dir/D_/Pico_Downloads/pico-sdk/src/common/pico_time/time.c.obj
 *fill*         0x10004bf2        0x2 
 .rodata.__func__.3
                0x10004bf4       0x14 CMakeFiles/example.dir/D_/Pico_Downloads/pico-sdk/src/common/pico_time/time.c.obj
 .rodata.__func__.4
                0x10004c08       0x12 CMakeFiles/example.dir/D_/Pico_Downloads/pico-sdk/src/common/pico_time/time.c.obj
 *fill*         0x10004c1a        0x2 
 .rodata.__func__.5
                0x10004c1c        0xa CMakeFiles/example.dir/D_/Pico_Downloads/pico-sdk/src/common/pico_time/time.c.obj
 *fill*         0x10004c26        0x2 
 .rodata.__func__.6
                0x10004c28        0xc CMakeFiles/example.dir/D_/Pico_Downloads/pico-sdk/src/common/pico_time/time.c.obj
 .rodata.__func__.7
                0x10004c34       0x15 CMakeFiles/example.dir/D_/Pico_Downloads/pico-sdk/src/common/pico_time/time.c.obj
 *fill*         0x10004c49        0x3 
 .rodata.__func__.8
                0x10004c4c       0x1a CMakeFiles/example.dir/D_/Pico_Downloads/pico-sdk/src/common/pico_time/time.c.obj
 *fill*         0x10004c66        0x2 
 .rodata.__func__.9
                0x10004c68        0xa CMakeFiles/example.dir/D_/Pico_Downloads/pico-sdk/src/common/pico_time/time.c.obj
 *fill*         0x10004c72        0x2 
 .rodata.hardware_alarm_claim.str1.4
                0x10004c74       0x22 CMakeFiles/example.dir/D_/Pico_Downloads/pico-sdk/src/rp2_common/hardware_timer/timer.c.obj
 *fill*         0x10004c96        0x2 
 .rodata.hardware_alarm_set_target.str1.4
                0x10004c98       0x65 CMakeFiles/example.dir/D_/Pico_Downloads/pico-sdk/src/rp2_common/hardware_timer/timer.c.obj
 *fill*         0x10004cfd        0x3 
 .rodata.__func__.0
                0x10004d00       0x1a CMakeFiles/example.dir/D_/Pico_Downloads/pico-sdk/src/rp2_common/hardware_timer/timer.c.obj
 *fill*         0x10004d1a        0x2 
 .rodata.lock_init.str1.4
                0x10004d1c       0x68 CMakeFiles/example.dir/D_/Pico_Downloads/pico-sdk/src/common/pico_sync/lock_core.c.obj
 .rodata.__func__.0
                0x10004d84        0xa CMakeFiles/example.dir/D_/Pico_Downloads/pico-sdk/src/common/pico_sync/lock_core.c.obj
 *fill*         0x10004d8e        0x2 
 .rodata.str1.4
                0x10004d90       0x5c CMakeFiles/example.dir/D_/Pico_Downloads/pico-sdk/src/common/pico_sync/mutex.c.obj
 .rodata.__func__.0
                0x10004dec        0xb CMakeFiles/example.dir/D_/Pico_Downloads/pico-sdk/src/common/pico_sync/mutex.c.obj
 *fill*         0x10004df7        0x1 
 .rodata.__func__.2
                0x10004df8       0x15 CMakeFiles/example.dir/D_/Pico_Downloads/pico-sdk/src/common/pico_sync/mutex.c.obj
 .rodata.ph_add_child_node.str1.4
                0x10004e0d       0x8e CMakeFiles/example.dir/D_/Pico_Downloads/pico-sdk/src/common/pico_util/pheap.c.obj
 *fill*         0x10004e0d        0x3 
 .rodata.ph_remove_any_head.str1.4
                0x10004e10       0x8c CMakeFiles/example.dir/D_/Pico_Downloads/pico-sdk/src/common/pico_util/pheap.c.obj
 .rodata.ph_delete.str1.4
                0x10004e9c       0x26 CMakeFiles/example.dir/D_/Pico_Downloads/pico-sdk/src/common/pico_util/pheap.c.obj
 *fill*         0x10004ec2        0x2 
 .rodata.__func__.0
                0x10004ec4        0xa CMakeFiles/example.dir/D_/Pico_Downloads/pico-sdk/src/common/pico_util/pheap.c.obj
 *fill*         0x10004ece        0x2 
 .rodata.__func__.1
                0x10004ed0       0x13 CMakeFiles/example.dir/D_/Pico_Downloads/pico-sdk/src/common/pico_util/pheap.c.obj
 *fill*         0x10004ee3        0x1 
 .rodata.__func__.2
                0x10004ee4       0x12 CMakeFiles/example.dir/D_/Pico_Downloads/pico-sdk/src/common/pico_util/pheap.c.obj
 *fill*         0x10004ef6        0x2 
 .rodata.__func__.3
                0x10004ef8        0xc CMakeFiles/example.dir/D_/Pico_Downloads/pico-sdk/src/common/pico_util/pheap.c.obj
 .rodata.__assert_func.str1.4
                0x10004f04       0x3f CMakeFiles/example.dir/D_/Pico_Downloads/pico-sdk/src/rp2_common/pico_runtime/runtime.c.obj
                                 0x43 (size before relaxing)
 *fill*         0x10004f43        0x1 
 .rodata.panic.str1.4
                0x10004f44       0x12 CMakeFiles/example.dir/D_/Pico_Downloads/pico-sdk/src/rp2_common/pico_runtime/runtime.c.obj
 *fill*         0x10004f56        0x2 
 .rodata.clock_configure.str1.4
                0x10004f58       0x57 CMakeFiles/example.dir/D_/Pico_Downloads/pico-sdk/src/rp2_common/hardware_clocks/clocks.c.obj
 *fill*         0x10004faf        0x1 
 .rodata.__func__.1
                0x10004fb0       0x10 CMakeFiles/example.dir/D_/Pico_Downloads/pico-sdk/src/rp2_common/hardware_clocks/clocks.c.obj
 .rodata.pll_init.str1.4
                0x10004fc0       0xdb CMakeFiles/example.dir/D_/Pico_Downloads/pico-sdk/src/rp2_common/hardware_pll/pll.c.obj
 *fill*         0x1000509b        0x1 
 .rodata.__func__.0
                0x1000509c        0x9 CMakeFiles/example.dir/D_/Pico_Downloads/pico-sdk/src/rp2_common/hardware_pll/pll.c.obj
 *fill*         0x100050a5        0x3 
 .rodata.make_branch.str1.4
                0x100050a8       0x4d CMakeFiles/example.dir/D_/Pico_Downloads/pico-sdk/src/rp2_common/hardware_irq/irq.c.obj
 *fill*         0x100050f5        0x3 
 .rodata.irq_set_exclusive_handler.str1.4
                0x100050f8       0x36 CMakeFiles/example.dir/D_/Pico_Downloads/pico-sdk/src/rp2_common/hardware_irq/irq.c.obj
 *fill*         0x1000512e        0x2 
 .rodata.irq_add_shared_handler.str1.4
                0x10005130       0xd9 CMakeFiles/example.dir/D_/Pico_Downloads/pico-sdk/src/rp2_common/hardware_irq/irq.c.obj
 *fill*         0x10005209        0x3 
 .rodata.irq_remove_handler.str1.4
                0x1000520c       0x2a CMakeFiles/example.dir/D_/Pico_Downloads/pico-sdk/src/rp2_common/hardware_irq/irq.c.obj
 *fill*         0x10005236        0x2 
 .rodata.irq_add_tail_to_free_list.str1.4
                0x10005238       0x32 CMakeFiles/example.dir/D_/Pico_Downloads/pico-sdk/src/rp2_common/hardware_irq/irq.c.obj
                                 0x3a (size before relaxing)
 *fill*         0x1000526a        0x2 
 .rodata.__func__.0
                0x1000526c       0x1a CMakeFiles/example.dir/D_/Pico_Downloads/pico-sdk/src/rp2_common/hardware_irq/irq.c.obj
 *fill*         0x10005286        0x2 
 .rodata.__func__.1
                0x10005288       0x17 CMakeFiles/example.dir/D_/Pico_Downloads/pico-sdk/src/rp2_common/hardware_irq/irq.c.obj
 *fill*         0x1000529f        0x1 
 .rodata.__func__.2
                0x100052a0       0x13 CMakeFiles/example.dir/D_/Pico_Downloads/pico-sdk/src/rp2_common/hardware_irq/irq.c.obj
 *fill*         0x100052b3        0x1 
 .rodata.__func__.3
                0x100052b4        0xc CMakeFiles/example.dir/D_/Pico_Downloads/pico-sdk/src/rp2_common/hardware_irq/irq.c.obj
 .rodata.__func__.4
                0x100052c0        0xf CMakeFiles/example.dir/D_/Pico_Downloads/pico-sdk/src/rp2_common/hardware_irq/irq.c.obj
 *fill*         0x100052cf        0x1 
 .rodata.__func__.6
                0x100052d0       0x1a CMakeFiles/example.dir/D_/Pico_Downloads/pico-sdk/src/rp2_common/hardware_irq/irq.c.obj
 *fill*         0x100052ea        0x2 
 .rodata._ftoa.str1.4
                0x100052ec       0x15 CMakeFiles/example.dir/D_/Pico_Downloads/pico-sdk/src/rp2_common/pico_printf/printf.c.obj
 *fill*         0x10005301        0x3 
 .rodata._vsnprintf
                0x10005304      0x1e0 CMakeFiles/example.dir/D_/Pico_Downloads/pico-sdk/src/rp2_common/pico_printf/printf.c.obj
 *fill*         0x100054e4        0x4 
 .rodata.pow10.0
                0x100054e8       0x50 CMakeFiles/example.dir/D_/Pico_Downloads/pico-sdk/src/rp2_common/pico_printf/printf.c.obj
 .rodata.__aeabi_double_init.str1.4
                0x10005538       0xa8 CMakeFiles/example.dir/D_/Pico_Downloads/pico-sdk/src/rp2_common/pico_double/double_init_rom.c.obj
 .rodata.__func__.0
                0x100055e0       0x14 CMakeFiles/example.dir/D_/Pico_Downloads/pico-sdk/src/rp2_common/pico_double/double_init_rom.c.obj
 .rodata.__aeabi_float_init.str1.4
                0x100055f4       0x7a CMakeFiles/example.dir/D_/Pico_Downloads/pico-sdk/src/rp2_common/pico_float/float_init_rom.c.obj
                                 0x7e (size before relaxing)
 *fill*         0x1000566e        0x2 
 .rodata.__func__.0
                0x10005670       0x13 CMakeFiles/example.dir/D_/Pico_Downloads/pico-sdk/src/rp2_common/pico_float/float_init_rom.c.obj
 *fill*         0x10005683        0x1 
 .rodata.str1.4
                0x10005684       0x64 CMakeFiles/example.dir/D_/Pico_Downloads/pico-sdk/src/rp2_common/pico_standard_link/binary_info.c.obj
 .rodata.__bi_40
                0x100056e8        0xc CMakeFiles/example.dir/D_/Pico_Downloads/pico-sdk/src/rp2_common/pico_standard_link/binary_info.c.obj
 .rodata.__bi_65
                0x100056f4        0xc CMakeFiles/example.dir/D_/Pico_Downloads/pico-sdk/src/rp2_common/pico_standard_link/binary_info.c.obj
 .rodata.__bi_71
                0x10005700        0xc CMakeFiles/example.dir/D_/Pico_Downloads/pico-sdk/src/rp2_common/pico_standard_link/binary_info.c.obj
 .rodata.crlf_str.1
                0x1000570c        0x2 CMakeFiles/example.dir/D_/Pico_Downloads/pico-sdk/src/rp2_common/pico_stdio/stdio.c.obj
                0x10005710                . = ALIGN (0x4)
 *fill*         0x1000570e        0x2 
 *(SORT_BY_ALIGNMENT(SORT_BY_NAME(.flashdata*)))
                0x10005710                . = ALIGN (0x4)

.rel.dyn        0x10005710        0x0
 .rel.iplt      0x10005710        0x0 c:/progra~2/gnuarm~1/102020~1/bin/../lib/gcc/arm-none-eabi/10.2.1/thumb/v6-m/nofp/crtbegin.o

.ARM.extab
 *(.ARM.extab* .gnu.linkonce.armextab.*)
                0x10005710                __exidx_start = .

.ARM.exidx
 *(.ARM.exidx* .gnu.linkonce.armexidx.*)
                0x10005710                __exidx_end = .
                0x10005710                . = ALIGN (0x4)
                0x10005710                __binary_info_start = .

.binary_info    0x10005710       0x1c
 *(.binary_info.keep.*)
 .binary_info.keep.__bi_ptr18
                0x10005710        0x4 CMakeFiles/example.dir/D_/Pico_Downloads/pico-sdk/src/rp2_common/pico_standard_link/binary_info.c.obj
 .binary_info.keep.__bi_ptr26
                0x10005714        0x4 CMakeFiles/example.dir/D_/Pico_Downloads/pico-sdk/src/rp2_common/pico_standard_link/binary_info.c.obj
 .binary_info.keep.__bi_ptr34
                0x10005718        0x4 CMakeFiles/example.dir/D_/Pico_Downloads/pico-sdk/src/rp2_common/pico_standard_link/binary_info.c.obj
 .binary_info.keep.__bi_ptr40
                0x1000571c        0x4 CMakeFiles/example.dir/D_/Pico_Downloads/pico-sdk/src/rp2_common/pico_standard_link/binary_info.c.obj
 .binary_info.keep.__bi_ptr46
                0x10005720        0x4 CMakeFiles/example.dir/D_/Pico_Downloads/pico-sdk/src/rp2_common/pico_standard_link/binary_info.c.obj
 .binary_info.keep.__bi_ptr65
                0x10005724        0x4 CMakeFiles/example.dir/D_/Pico_Downloads/pico-sdk/src/rp2_common/pico_standard_link/binary_info.c.obj
 .binary_info.keep.__bi_ptr71
                0x10005728        0x4 CMakeFiles/example.dir/D_/Pico_Downloads/pico-sdk/src/rp2_common/pico_standard_link/binary_info.c.obj
 *(.binary_info.*)
                0x1000572c                __binary_info_end = .
                0x1000572c                . = ALIGN (0x4)
                0x1000572c                __etext = .

.ram_vector_table
                0x20000000       0xc0
 *(.ram_vector_table)
 .ram_vector_table
                0x20000000       0xc0 CMakeFiles/example.dir/D_/Pico_Downloads/pico-sdk/src/rp2_common/pico_runtime/runtime.c.obj
                0x20000000                ram_vector_table

.data           0x200000c0      0x9dc load address 0x1000572c
                0x200000c0                __data_start__ = .
 *(vtable)
 *(.time_critical*)
 .time_critical.mutex_enter_blocking
                0x200000c0       0x64 CMakeFiles/example.dir/D_/Pico_Downloads/pico-sdk/src/common/pico_sync/mutex.c.obj
                0x200000c0                mutex_enter_blocking
 .time_critical.mutex_try_enter
                0x20000124       0x44 CMakeFiles/example.dir/D_/Pico_Downloads/pico-sdk/src/common/pico_sync/mutex.c.obj
                0x20000124                mutex_try_enter
 .time_critical.mutex_exit
                0x20000168       0x4c CMakeFiles/example.dir/D_/Pico_Downloads/pico-sdk/src/common/pico_sync/mutex.c.obj
                0x20000168                mutex_exit
 *(.text*)
 .text          0x200001b4        0x4 c:/progra~2/gnuarm~1/102020~1/bin/../lib/gcc/arm-none-eabi/10.2.1/thumb/v6-m/nofp\libgcc.a(_dvmd_tls.o)
                0x200001b4                __aeabi_idiv0
                0x200001b4                __aeabi_ldiv0
 .text.__stub   0x200001b8       0x10 linker stubs
                0x200001c8                . = ALIGN (0x4)
 *(.rodata*)
                0x200001c8                . = ALIGN (0x4)
 *(.data*)
 .data.striped_spin_lock_num
                0x200001c8        0x1 CMakeFiles/example.dir/D_/Pico_Downloads/pico-sdk/src/rp2_common/hardware_sync/sync.c.obj
 *fill*         0x200001c9        0x3 
 .data          0x200001cc       0x48 CMakeFiles/example.dir/D_/Pico_Downloads/pico-sdk/src/rp2_common/hardware_irq/irq_handler_chain.S.obj
                0x200001cc                irq_handler_chain_slots
                0x200001fc                irq_handler_chain_first_slot
                0x20000206                irq_handler_chain_remove_tail
 *fill*         0x20000214        0xc 
 .data.aeabi_bits_funcs
                0x20000220       0x10 CMakeFiles/example.dir/D_/Pico_Downloads/pico-sdk/src/rp2_common/pico_bit_ops/bit_ops_aeabi.S.obj
                0x20000220                aeabi_bits_funcs
                0x20000230                aeabi_bits_funcs_end
 .data.aeabi_mem_funcs
                0x20000230       0x10 CMakeFiles/example.dir/D_/Pico_Downloads/pico-sdk/src/rp2_common/pico_mem_ops/mem_ops_aeabi.S.obj
                0x20000230                aeabi_mem_funcs
                0x20000240                aeabi_mem_funcs_end
 .data._impure_ptr
                0x20000240        0x4 c:/progra~2/gnuarm~1/102020~1/bin/../lib/gcc/arm-none-eabi/10.2.1/../../../../arm-none-eabi/lib/thumb/v6-m/nofp\libg.a(lib_a-impure.o)
                0x20000240                _impure_ptr
 *fill*         0x20000244        0x4 
 .data.impure_data
                0x20000248      0x428 c:/progra~2/gnuarm~1/102020~1/bin/../lib/gcc/arm-none-eabi/10.2.1/../../../../arm-none-eabi/lib/thumb/v6-m/nofp\libg.a(lib_a-impure.o)
 .data.__malloc_av_
                0x20000670      0x408 c:/progra~2/gnuarm~1/102020~1/bin/../lib/gcc/arm-none-eabi/10.2.1/../../../../arm-none-eabi/lib/thumb/v6-m/nofp\libg.a(lib_a-mallocr.o)
                0x20000670                __malloc_av_
 .data.__malloc_sbrk_base
                0x20000a78        0x4 c:/progra~2/gnuarm~1/102020~1/bin/../lib/gcc/arm-none-eabi/10.2.1/../../../../arm-none-eabi/lib/thumb/v6-m/nofp\libg.a(lib_a-mallocr.o)
                0x20000a78                __malloc_sbrk_base
 .data.__malloc_trim_threshold
                0x20000a7c        0x4 c:/progra~2/gnuarm~1/102020~1/bin/../lib/gcc/arm-none-eabi/10.2.1/../../../../arm-none-eabi/lib/thumb/v6-m/nofp\libg.a(lib_a-mallocr.o)
                0x20000a7c                __malloc_trim_threshold
                0x20000a80                . = ALIGN (0x4)
 *(.after_data.*)
                0x20000a80                . = ALIGN (0x4)
                0x20000a80                PROVIDE (__mutex_array_start = .)
 *(SORT_BY_NAME(.mutex_array.*))
 *(.mutex_array)
 .mutex_array   0x20000a80        0x8 CMakeFiles/example.dir/D_/Pico_Downloads/pico-sdk/src/rp2_common/pico_stdio/stdio.c.obj
                0x20000a88                PROVIDE (__mutex_array_end = .)
                0x20000a88                . = ALIGN (0x4)
                0x20000a88                PROVIDE (__preinit_array_start = .)
 *(SORT_BY_NAME(.preinit_array.*))
 .preinit_array.00001
                0x20000a88        0x4 CMakeFiles/example.dir/D_/Pico_Downloads/pico-sdk/src/rp2_common/pico_mem_ops/mem_ops_aeabi.S.obj
 .preinit_array.00010
                0x20000a8c        0x4 CMakeFiles/example.dir/D_/Pico_Downloads/pico-sdk/src/rp2_common/pico_bit_ops/bit_ops_aeabi.S.obj
 .preinit_array.00020
                0x20000a90        0x4 CMakeFiles/example.dir/D_/Pico_Downloads/pico-sdk/src/rp2_common/pico_double/double_aeabi.S.obj
 .preinit_array.00020
                0x20000a94        0x4 CMakeFiles/example.dir/D_/Pico_Downloads/pico-sdk/src/rp2_common/pico_float/float_aeabi.S.obj
 *(.preinit_array)
                0x20000a98                PROVIDE (__preinit_array_end = .)
                0x20000a98                . = ALIGN (0x4)
                0x20000a98                PROVIDE (__init_array_start = .)
 *(SORT_BY_NAME(.init_array.*))
 *(.init_array)
 .init_array    0x20000a98        0x4 c:/progra~2/gnuarm~1/102020~1/bin/../lib/gcc/arm-none-eabi/10.2.1/thumb/v6-m/nofp/crtbegin.o
                0x20000a9c                PROVIDE (__init_array_end = .)
                0x20000a9c                . = ALIGN (0x4)
                [!provide]                PROVIDE (__fini_array_start = .)
 *(SORT_BY_NAME(.fini_array.*))
 *(.fini_array)
                [!provide]                PROVIDE (__fini_array_end = .)
 *(.jcr)
                0x20000a9c                . = ALIGN (0x4)
                0x20000a9c                __data_end__ = .

.igot.plt       0x20000a9c        0x0 load address 0x10006108
 .igot.plt      0x20000a9c        0x0 c:/progra~2/gnuarm~1/102020~1/bin/../lib/gcc/arm-none-eabi/10.2.1/thumb/v6-m/nofp/crtbegin.o

.uninitialized_data
                0x20000a9c        0x0 load address 0x10006108
                0x20000a9c                . = ALIGN (0x4)
 *(.uninitialized_data*)

.scratch_x      0x20040000        0x0 load address 0x10006108
                0x20040000                __scratch_x_start__ = .
 *(.scratch_x.*)
                0x20040000                . = ALIGN (0x4)
                0x20040000                __scratch_x_end__ = .
                0x10006108                __scratch_x_source__ = LOADADDR (.scratch_x)

.scratch_y      0x20041000        0x0 load address 0x10006108
                0x20041000                __scratch_y_start__ = .
 *(.scratch_y.*)
                0x20041000                . = ALIGN (0x4)
                0x20041000                __scratch_y_end__ = .
                0x10006108                __scratch_y_source__ = LOADADDR (.scratch_y)

.bss            0x20000a9c      0x2cc
                0x20000a9c                . = ALIGN (0x4)
                0x20000a9c                __bss_start__ = .
 *(SORT_BY_ALIGNMENT(SORT_BY_NAME(.bss*)))
 .bss           0x20000a9c       0x1c c:/progra~2/gnuarm~1/102020~1/bin/../lib/gcc/arm-none-eabi/10.2.1/thumb/v6-m/nofp/crtbegin.o
 .bss.__lock___malloc_recursive_mutex
                0x20000ab8        0x1 c:/progra~2/gnuarm~1/102020~1/bin/../lib/gcc/arm-none-eabi/10.2.1/../../../../arm-none-eabi/lib/thumb/v6-m/nofp\libg.a(lib_a-lock.o)
                0x20000ab8                __lock___malloc_recursive_mutex
 *fill*         0x20000ab9        0x3 
 .bss.__malloc_current_mallinfo
                0x20000abc       0x28 c:/progra~2/gnuarm~1/102020~1/bin/../lib/gcc/arm-none-eabi/10.2.1/../../../../arm-none-eabi/lib/thumb/v6-m/nofp\libg.a(lib_a-mallocr.o)
                0x20000abc                __malloc_current_mallinfo
 .bss.__malloc_max_sbrked_mem
                0x20000ae4        0x4 c:/progra~2/gnuarm~1/102020~1/bin/../lib/gcc/arm-none-eabi/10.2.1/../../../../arm-none-eabi/lib/thumb/v6-m/nofp\libg.a(lib_a-mallocr.o)
                0x20000ae4                __malloc_max_sbrked_mem
 .bss.__malloc_max_total_mem
                0x20000ae8        0x4 c:/progra~2/gnuarm~1/102020~1/bin/../lib/gcc/arm-none-eabi/10.2.1/../../../../arm-none-eabi/lib/thumb/v6-m/nofp\libg.a(lib_a-mallocr.o)
                0x20000ae8                __malloc_max_total_mem
 .bss.__malloc_top_pad
                0x20000aec        0x4 c:/progra~2/gnuarm~1/102020~1/bin/../lib/gcc/arm-none-eabi/10.2.1/../../../../arm-none-eabi/lib/thumb/v6-m/nofp\libg.a(lib_a-mallocr.o)
                0x20000aec                __malloc_top_pad
 .bss.alarm_callbacks
                0x20000af0       0x10 CMakeFiles/example.dir/D_/Pico_Downloads/pico-sdk/src/rp2_common/hardware_timer/timer.c.obj
 .bss.configured_freq
                0x20000b00       0x28 CMakeFiles/example.dir/D_/Pico_Downloads/pico-sdk/src/rp2_common/hardware_clocks/clocks.c.obj
 .bss.default_alarm_pool
                0x20000b28        0x4 CMakeFiles/example.dir/D_/Pico_Downloads/pico-sdk/src/common/pico_time/time.c.obj
 .bss.drivers   0x20000b2c        0x4 CMakeFiles/example.dir/D_/Pico_Downloads/pico-sdk/src/rp2_common/pico_stdio/stdio.c.obj
 .bss.errno     0x20000b30        0x4 c:/progra~2/gnuarm~1/102020~1/bin/../lib/gcc/arm-none-eabi/10.2.1/../../../../arm-none-eabi/lib/thumb/v6-m/nofp\libg.a(lib_a-reent.o)
                0x20000b30                errno
 .bss.filter    0x20000b34        0x4 CMakeFiles/example.dir/D_/Pico_Downloads/pico-sdk/src/rp2_common/pico_stdio/stdio.c.obj
 .bss.heap_end.0
                0x20000b38        0x4 CMakeFiles/example.dir/D_/Pico_Downloads/pico-sdk/src/rp2_common/pico_runtime/runtime.c.obj
 .bss.pools     0x20000b3c       0x10 CMakeFiles/example.dir/D_/Pico_Downloads/pico-sdk/src/common/pico_time/time.c.obj
 .bss.sd_table  0x20000b4c      0x100 CMakeFiles/example.dir/D_/Pico_Downloads/pico-sdk/src/rp2_common/pico_double/double_init_rom.c.obj
                0x20000b4c                sd_table
 .bss.sf_clz_func
                0x20000c4c        0x4 CMakeFiles/example.dir/D_/Pico_Downloads/pico-sdk/src/rp2_common/pico_float/float_init_rom.c.obj
                0x20000c4c                sf_clz_func
 .bss.sf_table  0x20000c50      0x100 CMakeFiles/example.dir/D_/Pico_Downloads/pico-sdk/src/rp2_common/pico_float/float_init_rom.c.obj
                0x20000c50                sf_table
 .bss.target_hi
                0x20000d50       0x10 CMakeFiles/example.dir/D_/Pico_Downloads/pico-sdk/src/rp2_common/hardware_timer/timer.c.obj
 .bss.uart_char_to_line_feed
                0x20000d60        0x4 CMakeFiles/example.dir/D_/Pico_Downloads/pico-sdk/src/rp2_common/hardware_uart/uart.c.obj
                0x20000d60                uart_char_to_line_feed
 .bss.claimed   0x20000d64        0x1 CMakeFiles/example.dir/D_/Pico_Downloads/pico-sdk/src/rp2_common/hardware_timer/timer.c.obj
 .bss.irq_hander_chain_free_slot_head
                0x20000d65        0x1 CMakeFiles/example.dir/D_/Pico_Downloads/pico-sdk/src/rp2_common/hardware_irq/irq.c.obj
 .bss.timer_callbacks_pending
                0x20000d66        0x1 CMakeFiles/example.dir/D_/Pico_Downloads/pico-sdk/src/rp2_common/hardware_timer/timer.c.obj
 *(COMMON)
                0x20000d68                . = ALIGN (0x4)
 *fill*         0x20000d67        0x1 
                0x20000d68                __bss_end__ = .

.heap           0x20000d68      0x800
                0x20000d68                __end__ = .
                0x20000d68                end = __end__
 *(.heap*)
 .heap          0x20000d68      0x800 CMakeFiles/example.dir/D_/Pico_Downloads/pico-sdk/src/rp2_common/pico_standard_link/crt0.S.obj
                0x20001568                __HeapLimit = .

.stack1_dummy   0x20040000        0x0
 *(.stack1*)

.stack_dummy    0x20041000      0x800
 *(.stack*)
 .stack         0x20041000      0x800 CMakeFiles/example.dir/D_/Pico_Downloads/pico-sdk/src/rp2_common/pico_standard_link/crt0.S.obj

.flash_end      0x10006108        0x0
                0x10006108                __flash_binary_end = .
                0x20040000                __StackLimit = (ORIGIN (RAM) + LENGTH (RAM))
                0x20041000                __StackOneTop = (ORIGIN (SCRATCH_X) + LENGTH (SCRATCH_X))
                0x20042000                __StackTop = (ORIGIN (SCRATCH_Y) + LENGTH (SCRATCH_Y))
                0x20041000                __StackOneBottom = (__StackOneTop - SIZEOF (.stack1_dummy))
                0x20041800                __StackBottom = (__StackTop - SIZEOF (.stack_dummy))
                0x20042000                PROVIDE (__stack = __StackTop)
                0x00000001                ASSERT ((__StackLimit >= __HeapLimit), region RAM overflowed)
                0x00000001                ASSERT (((__binary_info_header_end - __logical_binary_start) <= 0x100), Binary info must be in first 256 bytes of the binary)
LOAD CMakeFiles/example.dir/hello.c.obj
LOAD CMakeFiles/example.dir/D_/Pico_Downloads/pico-sdk/src/rp2_common/pico_stdlib/stdlib.c.obj
LOAD CMakeFiles/example.dir/D_/Pico_Downloads/pico-sdk/src/rp2_common/hardware_gpio/gpio.c.obj
LOAD CMakeFiles/example.dir/D_/Pico_Downloads/pico-sdk/src/rp2_common/hardware_claim/claim.c.obj
LOAD CMakeFiles/example.dir/D_/Pico_Downloads/pico-sdk/src/rp2_common/hardware_sync/sync.c.obj
LOAD CMakeFiles/example.dir/D_/Pico_Downloads/pico-sdk/src/rp2_common/pico_platform/platform.c.obj
LOAD CMakeFiles/example.dir/D_/Pico_Downloads/pico-sdk/src/rp2_common/hardware_uart/uart.c.obj
LOAD CMakeFiles/example.dir/D_/Pico_Downloads/pico-sdk/src/rp2_common/hardware_divider/divider.S.obj
LOAD CMakeFiles/example.dir/D_/Pico_Downloads/pico-sdk/src/common/pico_time/time.c.obj
LOAD CMakeFiles/example.dir/D_/Pico_Downloads/pico-sdk/src/common/pico_time/timeout_helper.c.obj
LOAD CMakeFiles/example.dir/D_/Pico_Downloads/pico-sdk/src/rp2_common/hardware_timer/timer.c.obj
LOAD CMakeFiles/example.dir/D_/Pico_Downloads/pico-sdk/src/common/pico_sync/sem.c.obj
LOAD CMakeFiles/example.dir/D_/Pico_Downloads/pico-sdk/src/common/pico_sync/lock_core.c.obj
LOAD CMakeFiles/example.dir/D_/Pico_Downloads/pico-sdk/src/common/pico_sync/mutex.c.obj
LOAD CMakeFiles/example.dir/D_/Pico_Downloads/pico-sdk/src/common/pico_sync/critical_section.c.obj
LOAD CMakeFiles/example.dir/D_/Pico_Downloads/pico-sdk/src/common/pico_util/datetime.c.obj
LOAD CMakeFiles/example.dir/D_/Pico_Downloads/pico-sdk/src/common/pico_util/pheap.c.obj
LOAD CMakeFiles/example.dir/D_/Pico_Downloads/pico-sdk/src/common/pico_util/queue.c.obj
LOAD CMakeFiles/example.dir/D_/Pico_Downloads/pico-sdk/src/rp2_common/pico_runtime/runtime.c.obj
LOAD CMakeFiles/example.dir/D_/Pico_Downloads/pico-sdk/src/rp2_common/hardware_clocks/clocks.c.obj
LOAD CMakeFiles/example.dir/D_/Pico_Downloads/pico-sdk/src/rp2_common/hardware_watchdog/watchdog.c.obj
LOAD CMakeFiles/example.dir/D_/Pico_Downloads/pico-sdk/src/rp2_common/hardware_xosc/xosc.c.obj
LOAD CMakeFiles/example.dir/D_/Pico_Downloads/pico-sdk/src/rp2_common/hardware_pll/pll.c.obj
LOAD CMakeFiles/example.dir/D_/Pico_Downloads/pico-sdk/src/rp2_common/hardware_vreg/vreg.c.obj
LOAD CMakeFiles/example.dir/D_/Pico_Downloads/pico-sdk/src/rp2_common/hardware_irq/irq.c.obj
LOAD CMakeFiles/example.dir/D_/Pico_Downloads/pico-sdk/src/rp2_common/hardware_irq/irq_handler_chain.S.obj
LOAD CMakeFiles/example.dir/D_/Pico_Downloads/pico-sdk/src/rp2_common/pico_printf/printf.c.obj
LOAD CMakeFiles/example.dir/D_/Pico_Downloads/pico-sdk/src/rp2_common/pico_bit_ops/bit_ops_aeabi.S.obj
LOAD CMakeFiles/example.dir/D_/Pico_Downloads/pico-sdk/src/rp2_common/pico_bootrom/bootrom.c.obj
LOAD CMakeFiles/example.dir/D_/Pico_Downloads/pico-sdk/src/rp2_common/pico_divider/divider.S.obj
LOAD CMakeFiles/example.dir/D_/Pico_Downloads/pico-sdk/src/rp2_common/pico_double/double_aeabi.S.obj
LOAD CMakeFiles/example.dir/D_/Pico_Downloads/pico-sdk/src/rp2_common/pico_double/double_init_rom.c.obj
LOAD CMakeFiles/example.dir/D_/Pico_Downloads/pico-sdk/src/rp2_common/pico_double/double_math.c.obj
LOAD CMakeFiles/example.dir/D_/Pico_Downloads/pico-sdk/src/rp2_common/pico_double/double_v1_rom_shim.S.obj
LOAD CMakeFiles/example.dir/D_/Pico_Downloads/pico-sdk/src/rp2_common/pico_int64_ops/pico_int64_ops_aeabi.S.obj
LOAD CMakeFiles/example.dir/D_/Pico_Downloads/pico-sdk/src/rp2_common/pico_float/float_aeabi.S.obj
LOAD CMakeFiles/example.dir/D_/Pico_Downloads/pico-sdk/src/rp2_common/pico_float/float_init_rom.c.obj
LOAD CMakeFiles/example.dir/D_/Pico_Downloads/pico-sdk/src/rp2_common/pico_float/float_math.c.obj
LOAD CMakeFiles/example.dir/D_/Pico_Downloads/pico-sdk/src/rp2_common/pico_float/float_v1_rom_shim.S.obj
LOAD CMakeFiles/example.dir/D_/Pico_Downloads/pico-sdk/src/rp2_common/pico_malloc/pico_malloc.c.obj
LOAD CMakeFiles/example.dir/D_/Pico_Downloads/pico-sdk/src/rp2_common/pico_mem_ops/mem_ops_aeabi.S.obj
LOAD CMakeFiles/example.dir/D_/Pico_Downloads/pico-sdk/src/rp2_common/pico_standard_link/crt0.S.obj
LOAD CMakeFiles/example.dir/D_/Pico_Downloads/pico-sdk/src/rp2_common/pico_standard_link/new_delete.cpp.obj
LOAD CMakeFiles/example.dir/D_/Pico_Downloads/pico-sdk/src/rp2_common/pico_standard_link/binary_info.c.obj
LOAD CMakeFiles/example.dir/D_/Pico_Downloads/pico-sdk/src/rp2_common/pico_stdio/stdio.c.obj
LOAD CMakeFiles/example.dir/D_/Pico_Downloads/pico-sdk/src/rp2_common/pico_stdio_uart/stdio_uart.c.obj
LOAD C:\Users\tfkbr\AppData\Local\Temp\cc6WWncB.o
LOAD c:/progra~2/gnuarm~1/102020~1/bin/../lib/gcc/arm-none-eabi/10.2.1/../../../../arm-none-eabi/lib/thumb/v6-m/nofp\libstdc++.a
LOAD c:/progra~2/gnuarm~1/102020~1/bin/../lib/gcc/arm-none-eabi/10.2.1/../../../../arm-none-eabi/lib/thumb/v6-m/nofp\libm.a
START GROUP
LOAD c:/progra~2/gnuarm~1/102020~1/bin/../lib/gcc/arm-none-eabi/10.2.1/thumb/v6-m/nofp\libgcc.a
LOAD c:/progra~2/gnuarm~1/102020~1/bin/../lib/gcc/arm-none-eabi/10.2.1/../../../../arm-none-eabi/lib/thumb/v6-m/nofp\libg.a
LOAD c:/progra~2/gnuarm~1/102020~1/bin/../lib/gcc/arm-none-eabi/10.2.1/../../../../arm-none-eabi/lib/thumb/v6-m/nofp\libc.a
END GROUP
START GROUP
LOAD c:/progra~2/gnuarm~1/102020~1/bin/../lib/gcc/arm-none-eabi/10.2.1/thumb/v6-m/nofp\libgcc.a
LOAD c:/progra~2/gnuarm~1/102020~1/bin/../lib/gcc/arm-none-eabi/10.2.1/../../../../arm-none-eabi/lib/thumb/v6-m/nofp\libc.a
LOAD c:/progra~2/gnuarm~1/102020~1/bin/../lib/gcc/arm-none-eabi/10.2.1/../../../../arm-none-eabi/lib/thumb/v6-m/nofp\libnosys.a
END GROUP
LOAD c:/progra~2/gnuarm~1/102020~1/bin/../lib/gcc/arm-none-eabi/10.2.1/thumb/v6-m/nofp/crtend.o
LOAD c:/progra~2/gnuarm~1/102020~1/bin/../lib/gcc/arm-none-eabi/10.2.1/thumb/v6-m/nofp/crtn.o
OUTPUT(example.elf elf32-littlearm)
LOAD linker stubs

.ARM.attributes
                0x00000000       0x28
 .ARM.attributes
                0x00000000       0x1e c:/progra~2/gnuarm~1/102020~1/bin/../lib/gcc/arm-none-eabi/10.2.1/thumb/v6-m/nofp/crti.o
 .ARM.attributes
                0x0000001e       0x2c c:/progra~2/gnuarm~1/102020~1/bin/../lib/gcc/arm-none-eabi/10.2.1/thumb/v6-m/nofp/crtbegin.o
 .ARM.attributes
                0x0000004a       0x2b CMakeFiles/example.dir/hello.c.obj
 .ARM.attributes
                0x00000075       0x2b CMakeFiles/example.dir/D_/Pico_Downloads/pico-sdk/src/rp2_common/hardware_gpio/gpio.c.obj
 .ARM.attributes
                0x000000a0       0x2b CMakeFiles/example.dir/D_/Pico_Downloads/pico-sdk/src/rp2_common/hardware_claim/claim.c.obj
 .ARM.attributes
                0x000000cb       0x2b CMakeFiles/example.dir/D_/Pico_Downloads/pico-sdk/src/rp2_common/hardware_sync/sync.c.obj
 .ARM.attributes
                0x000000f6       0x2b CMakeFiles/example.dir/D_/Pico_Downloads/pico-sdk/src/rp2_common/pico_platform/platform.c.obj
 .ARM.attributes
                0x00000121       0x2b CMakeFiles/example.dir/D_/Pico_Downloads/pico-sdk/src/rp2_common/hardware_uart/uart.c.obj
 .ARM.attributes
                0x0000014c       0x2b CMakeFiles/example.dir/D_/Pico_Downloads/pico-sdk/src/common/pico_time/time.c.obj
 .ARM.attributes
                0x00000177       0x2b CMakeFiles/example.dir/D_/Pico_Downloads/pico-sdk/src/rp2_common/hardware_timer/timer.c.obj
 .ARM.attributes
                0x000001a2       0x2b CMakeFiles/example.dir/D_/Pico_Downloads/pico-sdk/src/common/pico_sync/lock_core.c.obj
 .ARM.attributes
                0x000001cd       0x2b CMakeFiles/example.dir/D_/Pico_Downloads/pico-sdk/src/common/pico_sync/mutex.c.obj
 .ARM.attributes
                0x000001f8       0x2b CMakeFiles/example.dir/D_/Pico_Downloads/pico-sdk/src/common/pico_util/pheap.c.obj
 .ARM.attributes
                0x00000223       0x2b CMakeFiles/example.dir/D_/Pico_Downloads/pico-sdk/src/rp2_common/pico_runtime/runtime.c.obj
 .ARM.attributes
                0x0000024e       0x2b CMakeFiles/example.dir/D_/Pico_Downloads/pico-sdk/src/rp2_common/hardware_clocks/clocks.c.obj
 .ARM.attributes
                0x00000279       0x2b CMakeFiles/example.dir/D_/Pico_Downloads/pico-sdk/src/rp2_common/hardware_watchdog/watchdog.c.obj
 .ARM.attributes
                0x000002a4       0x2b CMakeFiles/example.dir/D_/Pico_Downloads/pico-sdk/src/rp2_common/hardware_xosc/xosc.c.obj
 .ARM.attributes
                0x000002cf       0x2b CMakeFiles/example.dir/D_/Pico_Downloads/pico-sdk/src/rp2_common/hardware_pll/pll.c.obj
 .ARM.attributes
                0x000002fa       0x2b CMakeFiles/example.dir/D_/Pico_Downloads/pico-sdk/src/rp2_common/hardware_irq/irq.c.obj
 .ARM.attributes
                0x00000325       0x22 CMakeFiles/example.dir/D_/Pico_Downloads/pico-sdk/src/rp2_common/hardware_irq/irq_handler_chain.S.obj
 .ARM.attributes
                0x00000347       0x2b CMakeFiles/example.dir/D_/Pico_Downloads/pico-sdk/src/rp2_common/pico_printf/printf.c.obj
 .ARM.attributes
                0x00000372       0x22 CMakeFiles/example.dir/D_/Pico_Downloads/pico-sdk/src/rp2_common/pico_bit_ops/bit_ops_aeabi.S.obj
 .ARM.attributes
                0x00000394       0x2b CMakeFiles/example.dir/D_/Pico_Downloads/pico-sdk/src/rp2_common/pico_bootrom/bootrom.c.obj
 .ARM.attributes
                0x000003bf       0x22 CMakeFiles/example.dir/D_/Pico_Downloads/pico-sdk/src/rp2_common/pico_divider/divider.S.obj
 .ARM.attributes
                0x000003e1       0x22 CMakeFiles/example.dir/D_/Pico_Downloads/pico-sdk/src/rp2_common/pico_double/double_aeabi.S.obj
 .ARM.attributes
                0x00000403       0x2b CMakeFiles/example.dir/D_/Pico_Downloads/pico-sdk/src/rp2_common/pico_double/double_init_rom.c.obj
 .ARM.attributes
                0x0000042e       0x22 CMakeFiles/example.dir/D_/Pico_Downloads/pico-sdk/src/rp2_common/pico_double/double_v1_rom_shim.S.obj
 .ARM.attributes
                0x00000450       0x22 CMakeFiles/example.dir/D_/Pico_Downloads/pico-sdk/src/rp2_common/pico_int64_ops/pico_int64_ops_aeabi.S.obj
 .ARM.attributes
                0x00000472       0x22 CMakeFiles/example.dir/D_/Pico_Downloads/pico-sdk/src/rp2_common/pico_float/float_aeabi.S.obj
 .ARM.attributes
                0x00000494       0x2b CMakeFiles/example.dir/D_/Pico_Downloads/pico-sdk/src/rp2_common/pico_float/float_init_rom.c.obj
 .ARM.attributes
                0x000004bf       0x22 CMakeFiles/example.dir/D_/Pico_Downloads/pico-sdk/src/rp2_common/pico_float/float_v1_rom_shim.S.obj
 .ARM.attributes
                0x000004e1       0x2b CMakeFiles/example.dir/D_/Pico_Downloads/pico-sdk/src/rp2_common/pico_malloc/pico_malloc.c.obj
 .ARM.attributes
                0x0000050c       0x22 CMakeFiles/example.dir/D_/Pico_Downloads/pico-sdk/src/rp2_common/pico_mem_ops/mem_ops_aeabi.S.obj
 .ARM.attributes
                0x0000052e       0x22 CMakeFiles/example.dir/D_/Pico_Downloads/pico-sdk/src/rp2_common/pico_standard_link/crt0.S.obj
 .ARM.attributes
                0x00000550       0x32 CMakeFiles/example.dir/D_/Pico_Downloads/pico-sdk/src/rp2_common/pico_standard_link/binary_info.c.obj
 .ARM.attributes
                0x00000582       0x2b CMakeFiles/example.dir/D_/Pico_Downloads/pico-sdk/src/rp2_common/pico_stdio/stdio.c.obj
 .ARM.attributes
                0x000005ad       0x22 C:\Users\tfkbr\AppData\Local\Temp\cc6WWncB.o
 .ARM.attributes
                0x000005cf       0x1e c:/progra~2/gnuarm~1/102020~1/bin/../lib/gcc/arm-none-eabi/10.2.1/thumb/v6-m/nofp\libgcc.a(_dvmd_tls.o)
 .ARM.attributes
                0x000005ed       0x2c c:/progra~2/gnuarm~1/102020~1/bin/../lib/gcc/arm-none-eabi/10.2.1/../../../../arm-none-eabi/lib/thumb/v6-m/nofp\libg.a(lib_a-calloc.o)
 .ARM.attributes
                0x00000619       0x2c c:/progra~2/gnuarm~1/102020~1/bin/../lib/gcc/arm-none-eabi/10.2.1/../../../../arm-none-eabi/lib/thumb/v6-m/nofp\libg.a(lib_a-callocr.o)
 .ARM.attributes
                0x00000645       0x2c c:/progra~2/gnuarm~1/102020~1/bin/../lib/gcc/arm-none-eabi/10.2.1/../../../../arm-none-eabi/lib/thumb/v6-m/nofp\libg.a(lib_a-impure.o)
 .ARM.attributes
                0x00000671       0x2c c:/progra~2/gnuarm~1/102020~1/bin/../lib/gcc/arm-none-eabi/10.2.1/../../../../arm-none-eabi/lib/thumb/v6-m/nofp\libg.a(lib_a-malloc.o)
 .ARM.attributes
                0x0000069d       0x2c c:/progra~2/gnuarm~1/102020~1/bin/../lib/gcc/arm-none-eabi/10.2.1/../../../../arm-none-eabi/lib/thumb/v6-m/nofp\libg.a(lib_a-mallocr.o)
 .ARM.attributes
                0x000006c9       0x2c c:/progra~2/gnuarm~1/102020~1/bin/../lib/gcc/arm-none-eabi/10.2.1/../../../../arm-none-eabi/lib/thumb/v6-m/nofp\libg.a(lib_a-mlock.o)
 .ARM.attributes
                0x000006f5       0x2c c:/progra~2/gnuarm~1/102020~1/bin/../lib/gcc/arm-none-eabi/10.2.1/../../../../arm-none-eabi/lib/thumb/v6-m/nofp\libg.a(lib_a-sbrkr.o)
 .ARM.attributes
                0x00000721       0x2c c:/progra~2/gnuarm~1/102020~1/bin/../lib/gcc/arm-none-eabi/10.2.1/../../../../arm-none-eabi/lib/thumb/v6-m/nofp\libg.a(lib_a-strlen-stub.o)
 .ARM.attributes
                0x0000074d       0x2c c:/progra~2/gnuarm~1/102020~1/bin/../lib/gcc/arm-none-eabi/10.2.1/../../../../arm-none-eabi/lib/thumb/v6-m/nofp\libg.a(lib_a-freer.o)
 .ARM.attributes
                0x00000779       0x2c c:/progra~2/gnuarm~1/102020~1/bin/../lib/gcc/arm-none-eabi/10.2.1/../../../../arm-none-eabi/lib/thumb/v6-m/nofp\libg.a(lib_a-lock.o)
 .ARM.attributes
                0x000007a5       0x2c c:/progra~2/gnuarm~1/102020~1/bin/../lib/gcc/arm-none-eabi/10.2.1/../../../../arm-none-eabi/lib/thumb/v6-m/nofp\libg.a(lib_a-reent.o)

.comment        0x00000000       0x4d
 .comment       0x00000000       0x4d CMakeFiles/example.dir/hello.c.obj
                                 0x4e (size before relaxing)
 .comment       0x0000004d       0x4e CMakeFiles/example.dir/D_/Pico_Downloads/pico-sdk/src/rp2_common/hardware_gpio/gpio.c.obj
 .comment       0x0000004d       0x4e CMakeFiles/example.dir/D_/Pico_Downloads/pico-sdk/src/rp2_common/hardware_claim/claim.c.obj
 .comment       0x0000004d       0x4e CMakeFiles/example.dir/D_/Pico_Downloads/pico-sdk/src/rp2_common/hardware_sync/sync.c.obj
 .comment       0x0000004d       0x4e CMakeFiles/example.dir/D_/Pico_Downloads/pico-sdk/src/rp2_common/pico_platform/platform.c.obj
 .comment       0x0000004d       0x4e CMakeFiles/example.dir/D_/Pico_Downloads/pico-sdk/src/rp2_common/hardware_uart/uart.c.obj
 .comment       0x0000004d       0x4e CMakeFiles/example.dir/D_/Pico_Downloads/pico-sdk/src/common/pico_time/time.c.obj
 .comment       0x0000004d       0x4e CMakeFiles/example.dir/D_/Pico_Downloads/pico-sdk/src/rp2_common/hardware_timer/timer.c.obj
 .comment       0x0000004d       0x4e CMakeFiles/example.dir/D_/Pico_Downloads/pico-sdk/src/common/pico_sync/lock_core.c.obj
 .comment       0x0000004d       0x4e CMakeFiles/example.dir/D_/Pico_Downloads/pico-sdk/src/common/pico_sync/mutex.c.obj
 .comment       0x0000004d       0x4e CMakeFiles/example.dir/D_/Pico_Downloads/pico-sdk/src/common/pico_util/pheap.c.obj
 .comment       0x0000004d       0x4e CMakeFiles/example.dir/D_/Pico_Downloads/pico-sdk/src/rp2_common/pico_runtime/runtime.c.obj
 .comment       0x0000004d       0x4e CMakeFiles/example.dir/D_/Pico_Downloads/pico-sdk/src/rp2_common/hardware_clocks/clocks.c.obj
 .comment       0x0000004d       0x4e CMakeFiles/example.dir/D_/Pico_Downloads/pico-sdk/src/rp2_common/hardware_watchdog/watchdog.c.obj
 .comment       0x0000004d       0x4e CMakeFiles/example.dir/D_/Pico_Downloads/pico-sdk/src/rp2_common/hardware_xosc/xosc.c.obj
 .comment       0x0000004d       0x4e CMakeFiles/example.dir/D_/Pico_Downloads/pico-sdk/src/rp2_common/hardware_pll/pll.c.obj
 .comment       0x0000004d       0x4e CMakeFiles/example.dir/D_/Pico_Downloads/pico-sdk/src/rp2_common/hardware_irq/irq.c.obj
 .comment       0x0000004d       0x4e CMakeFiles/example.dir/D_/Pico_Downloads/pico-sdk/src/rp2_common/pico_printf/printf.c.obj
 .comment       0x0000004d       0x4e CMakeFiles/example.dir/D_/Pico_Downloads/pico-sdk/src/rp2_common/pico_bootrom/bootrom.c.obj
 .comment       0x0000004d       0x4e CMakeFiles/example.dir/D_/Pico_Downloads/pico-sdk/src/rp2_common/pico_double/double_init_rom.c.obj
 .comment       0x0000004d       0x4e CMakeFiles/example.dir/D_/Pico_Downloads/pico-sdk/src/rp2_common/pico_float/float_init_rom.c.obj
 .comment       0x0000004d       0x4e CMakeFiles/example.dir/D_/Pico_Downloads/pico-sdk/src/rp2_common/pico_malloc/pico_malloc.c.obj
 .comment       0x0000004d       0x4e CMakeFiles/example.dir/D_/Pico_Downloads/pico-sdk/src/rp2_common/pico_standard_link/binary_info.c.obj
 .comment       0x0000004d       0x4e CMakeFiles/example.dir/D_/Pico_Downloads/pico-sdk/src/rp2_common/pico_stdio/stdio.c.obj

.debug_info     0x00000000    0x10848
 .debug_info    0x00000000      0x6b5 CMakeFiles/example.dir/hello.c.obj
 .debug_info    0x000006b5     0x1141 CMakeFiles/example.dir/D_/Pico_Downloads/pico-sdk/src/rp2_common/hardware_gpio/gpio.c.obj
 .debug_info    0x000017f6      0x620 CMakeFiles/example.dir/D_/Pico_Downloads/pico-sdk/src/rp2_common/hardware_claim/claim.c.obj
 .debug_info    0x00001e16      0x4a5 CMakeFiles/example.dir/D_/Pico_Downloads/pico-sdk/src/rp2_common/hardware_sync/sync.c.obj
 .debug_info    0x000022bb      0x1d5 CMakeFiles/example.dir/D_/Pico_Downloads/pico-sdk/src/rp2_common/pico_platform/platform.c.obj
 .debug_info    0x00002490      0xb64 CMakeFiles/example.dir/D_/Pico_Downloads/pico-sdk/src/rp2_common/hardware_uart/uart.c.obj
 .debug_info    0x00002ff4     0x3349 CMakeFiles/example.dir/D_/Pico_Downloads/pico-sdk/src/common/pico_time/time.c.obj
 .debug_info    0x0000633d      0xf9d CMakeFiles/example.dir/D_/Pico_Downloads/pico-sdk/src/rp2_common/hardware_timer/timer.c.obj
 .debug_info    0x000072da      0x1c5 CMakeFiles/example.dir/D_/Pico_Downloads/pico-sdk/src/common/pico_sync/lock_core.c.obj
 .debug_info    0x0000749f      0xd50 CMakeFiles/example.dir/D_/Pico_Downloads/pico-sdk/src/common/pico_sync/mutex.c.obj
 .debug_info    0x000081ef     0x1164 CMakeFiles/example.dir/D_/Pico_Downloads/pico-sdk/src/common/pico_util/pheap.c.obj
 .debug_info    0x00009353      0x986 CMakeFiles/example.dir/D_/Pico_Downloads/pico-sdk/src/rp2_common/pico_runtime/runtime.c.obj
 .debug_info    0x00009cd9     0x1068 CMakeFiles/example.dir/D_/Pico_Downloads/pico-sdk/src/rp2_common/hardware_clocks/clocks.c.obj
 .debug_info    0x0000ad41      0x49c CMakeFiles/example.dir/D_/Pico_Downloads/pico-sdk/src/rp2_common/hardware_watchdog/watchdog.c.obj
 .debug_info    0x0000b1dd      0x214 CMakeFiles/example.dir/D_/Pico_Downloads/pico-sdk/src/rp2_common/hardware_xosc/xosc.c.obj
 .debug_info    0x0000b3f1      0x3c1 CMakeFiles/example.dir/D_/Pico_Downloads/pico-sdk/src/rp2_common/hardware_pll/pll.c.obj
 .debug_info    0x0000b7b2     0x1807 CMakeFiles/example.dir/D_/Pico_Downloads/pico-sdk/src/rp2_common/hardware_irq/irq.c.obj
 .debug_info    0x0000cfb9       0x26 CMakeFiles/example.dir/D_/Pico_Downloads/pico-sdk/src/rp2_common/hardware_irq/irq_handler_chain.S.obj
 .debug_info    0x0000cfdf     0x1a32 CMakeFiles/example.dir/D_/Pico_Downloads/pico-sdk/src/rp2_common/pico_printf/printf.c.obj
 .debug_info    0x0000ea11       0x22 CMakeFiles/example.dir/D_/Pico_Downloads/pico-sdk/src/rp2_common/pico_bit_ops/bit_ops_aeabi.S.obj
 .debug_info    0x0000ea33      0x231 CMakeFiles/example.dir/D_/Pico_Downloads/pico-sdk/src/rp2_common/pico_bootrom/bootrom.c.obj
 .debug_info    0x0000ec64       0x22 CMakeFiles/example.dir/D_/Pico_Downloads/pico-sdk/src/rp2_common/pico_divider/divider.S.obj
 .debug_info    0x0000ec86       0x22 CMakeFiles/example.dir/D_/Pico_Downloads/pico-sdk/src/rp2_common/pico_double/double_aeabi.S.obj
 .debug_info    0x0000eca8      0x2a0 CMakeFiles/example.dir/D_/Pico_Downloads/pico-sdk/src/rp2_common/pico_double/double_init_rom.c.obj
 .debug_info    0x0000ef48       0x22 CMakeFiles/example.dir/D_/Pico_Downloads/pico-sdk/src/rp2_common/pico_double/double_v1_rom_shim.S.obj
 .debug_info    0x0000ef6a       0x26 CMakeFiles/example.dir/D_/Pico_Downloads/pico-sdk/src/rp2_common/pico_int64_ops/pico_int64_ops_aeabi.S.obj
 .debug_info    0x0000ef90       0x22 CMakeFiles/example.dir/D_/Pico_Downloads/pico-sdk/src/rp2_common/pico_float/float_aeabi.S.obj
 .debug_info    0x0000efb2      0x2ef CMakeFiles/example.dir/D_/Pico_Downloads/pico-sdk/src/rp2_common/pico_float/float_init_rom.c.obj
 .debug_info    0x0000f2a1       0x22 CMakeFiles/example.dir/D_/Pico_Downloads/pico-sdk/src/rp2_common/pico_float/float_v1_rom_shim.S.obj
 .debug_info    0x0000f2c3      0x1e7 CMakeFiles/example.dir/D_/Pico_Downloads/pico-sdk/src/rp2_common/pico_malloc/pico_malloc.c.obj
 .debug_info    0x0000f4aa       0x22 CMakeFiles/example.dir/D_/Pico_Downloads/pico-sdk/src/rp2_common/pico_mem_ops/mem_ops_aeabi.S.obj
 .debug_info    0x0000f4cc       0x22 CMakeFiles/example.dir/D_/Pico_Downloads/pico-sdk/src/rp2_common/pico_standard_link/crt0.S.obj
 .debug_info    0x0000f4ee      0x2f6 CMakeFiles/example.dir/D_/Pico_Downloads/pico-sdk/src/rp2_common/pico_standard_link/binary_info.c.obj
 .debug_info    0x0000f7e4     0x1064 CMakeFiles/example.dir/D_/Pico_Downloads/pico-sdk/src/rp2_common/pico_stdio/stdio.c.obj

.debug_abbrev   0x00000000     0x3bc7
 .debug_abbrev  0x00000000      0x238 CMakeFiles/example.dir/hello.c.obj
 .debug_abbrev  0x00000238      0x309 CMakeFiles/example.dir/D_/Pico_Downloads/pico-sdk/src/rp2_common/hardware_gpio/gpio.c.obj
 .debug_abbrev  0x00000541      0x276 CMakeFiles/example.dir/D_/Pico_Downloads/pico-sdk/src/rp2_common/hardware_claim/claim.c.obj
 .debug_abbrev  0x000007b7      0x212 CMakeFiles/example.dir/D_/Pico_Downloads/pico-sdk/src/rp2_common/hardware_sync/sync.c.obj
 .debug_abbrev  0x000009c9       0xe7 CMakeFiles/example.dir/D_/Pico_Downloads/pico-sdk/src/rp2_common/pico_platform/platform.c.obj
 .debug_abbrev  0x00000ab0      0x2ce CMakeFiles/example.dir/D_/Pico_Downloads/pico-sdk/src/rp2_common/hardware_uart/uart.c.obj
 .debug_abbrev  0x00000d7e      0x54b CMakeFiles/example.dir/D_/Pico_Downloads/pico-sdk/src/common/pico_time/time.c.obj
 .debug_abbrev  0x000012c9      0x34c CMakeFiles/example.dir/D_/Pico_Downloads/pico-sdk/src/rp2_common/hardware_timer/timer.c.obj
 .debug_abbrev  0x00001615      0x133 CMakeFiles/example.dir/D_/Pico_Downloads/pico-sdk/src/common/pico_sync/lock_core.c.obj
 .debug_abbrev  0x00001748      0x32b CMakeFiles/example.dir/D_/Pico_Downloads/pico-sdk/src/common/pico_sync/mutex.c.obj
 .debug_abbrev  0x00001a73      0x297 CMakeFiles/example.dir/D_/Pico_Downloads/pico-sdk/src/common/pico_util/pheap.c.obj
 .debug_abbrev  0x00001d0a      0x348 CMakeFiles/example.dir/D_/Pico_Downloads/pico-sdk/src/rp2_common/pico_runtime/runtime.c.obj
 .debug_abbrev  0x00002052      0x386 CMakeFiles/example.dir/D_/Pico_Downloads/pico-sdk/src/rp2_common/hardware_clocks/clocks.c.obj
 .debug_abbrev  0x000023d8      0x1b1 CMakeFiles/example.dir/D_/Pico_Downloads/pico-sdk/src/rp2_common/hardware_watchdog/watchdog.c.obj
 .debug_abbrev  0x00002589      0x12c CMakeFiles/example.dir/D_/Pico_Downloads/pico-sdk/src/rp2_common/hardware_xosc/xosc.c.obj
 .debug_abbrev  0x000026b5      0x1bc CMakeFiles/example.dir/D_/Pico_Downloads/pico-sdk/src/rp2_common/hardware_pll/pll.c.obj
 .debug_abbrev  0x00002871      0x494 CMakeFiles/example.dir/D_/Pico_Downloads/pico-sdk/src/rp2_common/hardware_irq/irq.c.obj
 .debug_abbrev  0x00002d05       0x14 CMakeFiles/example.dir/D_/Pico_Downloads/pico-sdk/src/rp2_common/hardware_irq/irq_handler_chain.S.obj
 .debug_abbrev  0x00002d19      0x384 CMakeFiles/example.dir/D_/Pico_Downloads/pico-sdk/src/rp2_common/pico_printf/printf.c.obj
 .debug_abbrev  0x0000309d       0x12 CMakeFiles/example.dir/D_/Pico_Downloads/pico-sdk/src/rp2_common/pico_bit_ops/bit_ops_aeabi.S.obj
 .debug_abbrev  0x000030af       0xf8 CMakeFiles/example.dir/D_/Pico_Downloads/pico-sdk/src/rp2_common/pico_bootrom/bootrom.c.obj
 .debug_abbrev  0x000031a7       0x12 CMakeFiles/example.dir/D_/Pico_Downloads/pico-sdk/src/rp2_common/pico_divider/divider.S.obj
 .debug_abbrev  0x000031b9       0x12 CMakeFiles/example.dir/D_/Pico_Downloads/pico-sdk/src/rp2_common/pico_double/double_aeabi.S.obj
 .debug_abbrev  0x000031cb      0x162 CMakeFiles/example.dir/D_/Pico_Downloads/pico-sdk/src/rp2_common/pico_double/double_init_rom.c.obj
 .debug_abbrev  0x0000332d       0x12 CMakeFiles/example.dir/D_/Pico_Downloads/pico-sdk/src/rp2_common/pico_double/double_v1_rom_shim.S.obj
 .debug_abbrev  0x0000333f       0x14 CMakeFiles/example.dir/D_/Pico_Downloads/pico-sdk/src/rp2_common/pico_int64_ops/pico_int64_ops_aeabi.S.obj
 .debug_abbrev  0x00003353       0x12 CMakeFiles/example.dir/D_/Pico_Downloads/pico-sdk/src/rp2_common/pico_float/float_aeabi.S.obj
 .debug_abbrev  0x00003365      0x17a CMakeFiles/example.dir/D_/Pico_Downloads/pico-sdk/src/rp2_common/pico_float/float_init_rom.c.obj
 .debug_abbrev  0x000034df       0x12 CMakeFiles/example.dir/D_/Pico_Downloads/pico-sdk/src/rp2_common/pico_float/float_v1_rom_shim.S.obj
 .debug_abbrev  0x000034f1      0x111 CMakeFiles/example.dir/D_/Pico_Downloads/pico-sdk/src/rp2_common/pico_malloc/pico_malloc.c.obj
 .debug_abbrev  0x00003602       0x12 CMakeFiles/example.dir/D_/Pico_Downloads/pico-sdk/src/rp2_common/pico_mem_ops/mem_ops_aeabi.S.obj
 .debug_abbrev  0x00003614       0x12 CMakeFiles/example.dir/D_/Pico_Downloads/pico-sdk/src/rp2_common/pico_standard_link/crt0.S.obj
 .debug_abbrev  0x00003626       0xad CMakeFiles/example.dir/D_/Pico_Downloads/pico-sdk/src/rp2_common/pico_standard_link/binary_info.c.obj
 .debug_abbrev  0x000036d3      0x4f4 CMakeFiles/example.dir/D_/Pico_Downloads/pico-sdk/src/rp2_common/pico_stdio/stdio.c.obj

.debug_loc      0x00000000     0xb729
 .debug_loc     0x00000000      0x384 CMakeFiles/example.dir/hello.c.obj
 .debug_loc     0x00000384      0xafe CMakeFiles/example.dir/D_/Pico_Downloads/pico-sdk/src/rp2_common/hardware_gpio/gpio.c.obj
 .debug_loc     0x00000e82      0x457 CMakeFiles/example.dir/D_/Pico_Downloads/pico-sdk/src/rp2_common/hardware_claim/claim.c.obj
 .debug_loc     0x000012d9      0x1d7 CMakeFiles/example.dir/D_/Pico_Downloads/pico-sdk/src/rp2_common/hardware_sync/sync.c.obj
 .debug_loc     0x000014b0       0xe9 CMakeFiles/example.dir/D_/Pico_Downloads/pico-sdk/src/rp2_common/pico_platform/platform.c.obj
 .debug_loc     0x00001599      0x51e CMakeFiles/example.dir/D_/Pico_Downloads/pico-sdk/src/rp2_common/hardware_uart/uart.c.obj
 .debug_loc     0x00001ab7     0x28f8 CMakeFiles/example.dir/D_/Pico_Downloads/pico-sdk/src/common/pico_time/time.c.obj
 .debug_loc     0x000043af      0x831 CMakeFiles/example.dir/D_/Pico_Downloads/pico-sdk/src/rp2_common/hardware_timer/timer.c.obj
 .debug_loc     0x00004be0       0xa2 CMakeFiles/example.dir/D_/Pico_Downloads/pico-sdk/src/common/pico_sync/lock_core.c.obj
 .debug_loc     0x00004c82      0x641 CMakeFiles/example.dir/D_/Pico_Downloads/pico-sdk/src/common/pico_sync/mutex.c.obj
 .debug_loc     0x000052c3     0x13a5 CMakeFiles/example.dir/D_/Pico_Downloads/pico-sdk/src/common/pico_util/pheap.c.obj
 .debug_loc     0x00006668      0x3d7 CMakeFiles/example.dir/D_/Pico_Downloads/pico-sdk/src/rp2_common/pico_runtime/runtime.c.obj
 .debug_loc     0x00006a3f      0x890 CMakeFiles/example.dir/D_/Pico_Downloads/pico-sdk/src/rp2_common/hardware_clocks/clocks.c.obj
 .debug_loc     0x000072cf      0x267 CMakeFiles/example.dir/D_/Pico_Downloads/pico-sdk/src/rp2_common/hardware_watchdog/watchdog.c.obj
 .debug_loc     0x00007536       0x71 CMakeFiles/example.dir/D_/Pico_Downloads/pico-sdk/src/rp2_common/hardware_xosc/xosc.c.obj
 .debug_loc     0x000075a7      0x278 CMakeFiles/example.dir/D_/Pico_Downloads/pico-sdk/src/rp2_common/hardware_pll/pll.c.obj
 .debug_loc     0x0000781f     0x1240 CMakeFiles/example.dir/D_/Pico_Downloads/pico-sdk/src/rp2_common/hardware_irq/irq.c.obj
 .debug_loc     0x00008a5f     0x203e CMakeFiles/example.dir/D_/Pico_Downloads/pico-sdk/src/rp2_common/pico_printf/printf.c.obj
 .debug_loc     0x0000aa9d      0x16f CMakeFiles/example.dir/D_/Pico_Downloads/pico-sdk/src/rp2_common/pico_bootrom/bootrom.c.obj
 .debug_loc     0x0000ac0c       0x59 CMakeFiles/example.dir/D_/Pico_Downloads/pico-sdk/src/rp2_common/pico_double/double_init_rom.c.obj
 .debug_loc     0x0000ac65       0x73 CMakeFiles/example.dir/D_/Pico_Downloads/pico-sdk/src/rp2_common/pico_float/float_init_rom.c.obj
 .debug_loc     0x0000acd8       0xbe CMakeFiles/example.dir/D_/Pico_Downloads/pico-sdk/src/rp2_common/pico_malloc/pico_malloc.c.obj
 .debug_loc     0x0000ad96      0x993 CMakeFiles/example.dir/D_/Pico_Downloads/pico-sdk/src/rp2_common/pico_stdio/stdio.c.obj

.debug_aranges  0x00000000      0xca0
 .debug_aranges
                0x00000000       0x20 CMakeFiles/example.dir/hello.c.obj
 .debug_aranges
                0x00000020       0xa0 CMakeFiles/example.dir/D_/Pico_Downloads/pico-sdk/src/rp2_common/hardware_gpio/gpio.c.obj
 .debug_aranges
                0x000000c0       0x48 CMakeFiles/example.dir/D_/Pico_Downloads/pico-sdk/src/rp2_common/hardware_claim/claim.c.obj
 .debug_aranges
                0x00000108       0x50 CMakeFiles/example.dir/D_/Pico_Downloads/pico-sdk/src/rp2_common/hardware_sync/sync.c.obj
 .debug_aranges
                0x00000158       0x28 CMakeFiles/example.dir/D_/Pico_Downloads/pico-sdk/src/rp2_common/pico_platform/platform.c.obj
 .debug_aranges
                0x00000180       0x40 CMakeFiles/example.dir/D_/Pico_Downloads/pico-sdk/src/rp2_common/hardware_uart/uart.c.obj
 .debug_aranges
                0x000001c0       0xc8 CMakeFiles/example.dir/D_/Pico_Downloads/pico-sdk/src/common/pico_time/time.c.obj
 .debug_aranges
                0x00000288       0x68 CMakeFiles/example.dir/D_/Pico_Downloads/pico-sdk/src/rp2_common/hardware_timer/timer.c.obj
 .debug_aranges
                0x000002f0       0x20 CMakeFiles/example.dir/D_/Pico_Downloads/pico-sdk/src/common/pico_sync/lock_core.c.obj
 .debug_aranges
                0x00000310       0x48 CMakeFiles/example.dir/D_/Pico_Downloads/pico-sdk/src/common/pico_sync/mutex.c.obj
 .debug_aranges
                0x00000358       0x70 CMakeFiles/example.dir/D_/Pico_Downloads/pico-sdk/src/common/pico_util/pheap.c.obj
 .debug_aranges
                0x000003c8       0x60 CMakeFiles/example.dir/D_/Pico_Downloads/pico-sdk/src/rp2_common/pico_runtime/runtime.c.obj
 .debug_aranges
                0x00000428       0x70 CMakeFiles/example.dir/D_/Pico_Downloads/pico-sdk/src/rp2_common/hardware_clocks/clocks.c.obj
 .debug_aranges
                0x00000498       0x50 CMakeFiles/example.dir/D_/Pico_Downloads/pico-sdk/src/rp2_common/hardware_watchdog/watchdog.c.obj
 .debug_aranges
                0x000004e8       0x30 CMakeFiles/example.dir/D_/Pico_Downloads/pico-sdk/src/rp2_common/hardware_xosc/xosc.c.obj
 .debug_aranges
                0x00000518       0x28 CMakeFiles/example.dir/D_/Pico_Downloads/pico-sdk/src/rp2_common/hardware_pll/pll.c.obj
 .debug_aranges
                0x00000540       0x90 CMakeFiles/example.dir/D_/Pico_Downloads/pico-sdk/src/rp2_common/hardware_irq/irq.c.obj
 .debug_aranges
                0x000005d0       0x20 CMakeFiles/example.dir/D_/Pico_Downloads/pico-sdk/src/rp2_common/hardware_irq/irq_handler_chain.S.obj
 .debug_aranges
                0x000005f0       0x90 CMakeFiles/example.dir/D_/Pico_Downloads/pico-sdk/src/rp2_common/pico_printf/printf.c.obj
 .debug_aranges
                0x00000680       0x68 CMakeFiles/example.dir/D_/Pico_Downloads/pico-sdk/src/rp2_common/pico_bit_ops/bit_ops_aeabi.S.obj
 .debug_aranges
                0x000006e8       0x30 CMakeFiles/example.dir/D_/Pico_Downloads/pico-sdk/src/rp2_common/pico_bootrom/bootrom.c.obj
 .debug_aranges
                0x00000718       0x40 CMakeFiles/example.dir/D_/Pico_Downloads/pico-sdk/src/rp2_common/pico_divider/divider.S.obj
 .debug_aranges
                0x00000758      0x140 CMakeFiles/example.dir/D_/Pico_Downloads/pico-sdk/src/rp2_common/pico_double/double_aeabi.S.obj
 .debug_aranges
                0x00000898       0x20 CMakeFiles/example.dir/D_/Pico_Downloads/pico-sdk/src/rp2_common/pico_double/double_init_rom.c.obj
 .debug_aranges
                0x000008b8       0xc8 CMakeFiles/example.dir/D_/Pico_Downloads/pico-sdk/src/rp2_common/pico_double/double_v1_rom_shim.S.obj
 .debug_aranges
                0x00000980       0x20 CMakeFiles/example.dir/D_/Pico_Downloads/pico-sdk/src/rp2_common/pico_int64_ops/pico_int64_ops_aeabi.S.obj
 .debug_aranges
                0x000009a0      0x130 CMakeFiles/example.dir/D_/Pico_Downloads/pico-sdk/src/rp2_common/pico_float/float_aeabi.S.obj
 .debug_aranges
                0x00000ad0       0x20 CMakeFiles/example.dir/D_/Pico_Downloads/pico-sdk/src/rp2_common/pico_float/float_init_rom.c.obj
 .debug_aranges
                0x00000af0       0x50 CMakeFiles/example.dir/D_/Pico_Downloads/pico-sdk/src/rp2_common/pico_float/float_v1_rom_shim.S.obj
 .debug_aranges
                0x00000b40       0x30 CMakeFiles/example.dir/D_/Pico_Downloads/pico-sdk/src/rp2_common/pico_malloc/pico_malloc.c.obj
 .debug_aranges
                0x00000b70       0x38 CMakeFiles/example.dir/D_/Pico_Downloads/pico-sdk/src/rp2_common/pico_mem_ops/mem_ops_aeabi.S.obj
 .debug_aranges
                0x00000ba8       0x28 CMakeFiles/example.dir/D_/Pico_Downloads/pico-sdk/src/rp2_common/pico_standard_link/crt0.S.obj
 .debug_aranges
                0x00000bd0       0x18 CMakeFiles/example.dir/D_/Pico_Downloads/pico-sdk/src/rp2_common/pico_standard_link/binary_info.c.obj
 .debug_aranges
                0x00000be8       0xb8 CMakeFiles/example.dir/D_/Pico_Downloads/pico-sdk/src/rp2_common/pico_stdio/stdio.c.obj

.debug_ranges   0x00000000     0x2240
 .debug_ranges  0x00000000      0x260 CMakeFiles/example.dir/hello.c.obj
 .debug_ranges  0x00000260       0xa8 CMakeFiles/example.dir/D_/Pico_Downloads/pico-sdk/src/rp2_common/hardware_gpio/gpio.c.obj
 .debug_ranges  0x00000308       0xd8 CMakeFiles/example.dir/D_/Pico_Downloads/pico-sdk/src/rp2_common/hardware_claim/claim.c.obj
 .debug_ranges  0x000003e0       0xb8 CMakeFiles/example.dir/D_/Pico_Downloads/pico-sdk/src/rp2_common/hardware_sync/sync.c.obj
 .debug_ranges  0x00000498       0x18 CMakeFiles/example.dir/D_/Pico_Downloads/pico-sdk/src/rp2_common/pico_platform/platform.c.obj